Archive member included to satisfy reference by file (symbol)

c:/st/stm32cubeide_1.2.0/stm32cubeide/plugins/com.st.stm32cube.ide.mcu.externaltools.gnu-tools-for-stm32.9-2020-q2-update.win32_1.5.0.202011040924/tools/bin/../lib/gcc/arm-none-eabi/9.3.1/../../../../arm-none-eabi/lib/thumb/v7e-m+fp/hard\libc_nano.a(lib_a-errno.o)
                              Core/Src/syscalls.o (__errno)
c:/st/stm32cubeide_1.2.0/stm32cubeide/plugins/com.st.stm32cube.ide.mcu.externaltools.gnu-tools-for-stm32.9-2020-q2-update.win32_1.5.0.202011040924/tools/bin/../lib/gcc/arm-none-eabi/9.3.1/../../../../arm-none-eabi/lib/thumb/v7e-m+fp/hard\libc_nano.a(lib_a-exit.o)
                              c:/st/stm32cubeide_1.2.0/stm32cubeide/plugins/com.st.stm32cube.ide.mcu.externaltools.gnu-tools-for-stm32.9-2020-q2-update.win32_1.5.0.202011040924/tools/bin/../lib/gcc/arm-none-eabi/9.3.1/../../../../arm-none-eabi/lib/thumb/v7e-m+fp/hard/crt0.o (exit)
c:/st/stm32cubeide_1.2.0/stm32cubeide/plugins/com.st.stm32cube.ide.mcu.externaltools.gnu-tools-for-stm32.9-2020-q2-update.win32_1.5.0.202011040924/tools/bin/../lib/gcc/arm-none-eabi/9.3.1/../../../../arm-none-eabi/lib/thumb/v7e-m+fp/hard\libc_nano.a(lib_a-impure.o)
                              c:/st/stm32cubeide_1.2.0/stm32cubeide/plugins/com.st.stm32cube.ide.mcu.externaltools.gnu-tools-for-stm32.9-2020-q2-update.win32_1.5.0.202011040924/tools/bin/../lib/gcc/arm-none-eabi/9.3.1/../../../../arm-none-eabi/lib/thumb/v7e-m+fp/hard\libc_nano.a(lib_a-exit.o) (_global_impure_ptr)
c:/st/stm32cubeide_1.2.0/stm32cubeide/plugins/com.st.stm32cube.ide.mcu.externaltools.gnu-tools-for-stm32.9-2020-q2-update.win32_1.5.0.202011040924/tools/bin/../lib/gcc/arm-none-eabi/9.3.1/../../../../arm-none-eabi/lib/thumb/v7e-m+fp/hard\libc_nano.a(lib_a-init.o)
                              c:/st/stm32cubeide_1.2.0/stm32cubeide/plugins/com.st.stm32cube.ide.mcu.externaltools.gnu-tools-for-stm32.9-2020-q2-update.win32_1.5.0.202011040924/tools/bin/../lib/gcc/arm-none-eabi/9.3.1/../../../../arm-none-eabi/lib/thumb/v7e-m+fp/hard/crt0.o (__libc_init_array)
c:/st/stm32cubeide_1.2.0/stm32cubeide/plugins/com.st.stm32cube.ide.mcu.externaltools.gnu-tools-for-stm32.9-2020-q2-update.win32_1.5.0.202011040924/tools/bin/../lib/gcc/arm-none-eabi/9.3.1/../../../../arm-none-eabi/lib/thumb/v7e-m+fp/hard\libc_nano.a(lib_a-memcmp.o)
                              Middlewares/HCI/Controller/bluenrg_utils.o (memcmp)
c:/st/stm32cubeide_1.2.0/stm32cubeide/plugins/com.st.stm32cube.ide.mcu.externaltools.gnu-tools-for-stm32.9-2020-q2-update.win32_1.5.0.202011040924/tools/bin/../lib/gcc/arm-none-eabi/9.3.1/../../../../arm-none-eabi/lib/thumb/v7e-m+fp/hard\libc_nano.a(lib_a-memcpy-stub.o)
                              Core/Src/sensor_service.o (memcpy)
c:/st/stm32cubeide_1.2.0/stm32cubeide/plugins/com.st.stm32cube.ide.mcu.externaltools.gnu-tools-for-stm32.9-2020-q2-update.win32_1.5.0.202011040924/tools/bin/../lib/gcc/arm-none-eabi/9.3.1/../../../../arm-none-eabi/lib/thumb/v7e-m+fp/hard\libc_nano.a(lib_a-memset.o)
                              c:/st/stm32cubeide_1.2.0/stm32cubeide/plugins/com.st.stm32cube.ide.mcu.externaltools.gnu-tools-for-stm32.9-2020-q2-update.win32_1.5.0.202011040924/tools/bin/../lib/gcc/arm-none-eabi/9.3.1/../../../../arm-none-eabi/lib/thumb/v7e-m+fp/hard/crt0.o (memset)
c:/st/stm32cubeide_1.2.0/stm32cubeide/plugins/com.st.stm32cube.ide.mcu.externaltools.gnu-tools-for-stm32.9-2020-q2-update.win32_1.5.0.202011040924/tools/bin/../lib/gcc/arm-none-eabi/9.3.1/../../../../arm-none-eabi/lib/thumb/v7e-m+fp/hard\libc_nano.a(lib_a-sprintf.o)
                              Core/Src/sensor_service.o (sprintf)
c:/st/stm32cubeide_1.2.0/stm32cubeide/plugins/com.st.stm32cube.ide.mcu.externaltools.gnu-tools-for-stm32.9-2020-q2-update.win32_1.5.0.202011040924/tools/bin/../lib/gcc/arm-none-eabi/9.3.1/../../../../arm-none-eabi/lib/thumb/v7e-m+fp/hard\libc_nano.a(lib_a-strncmp.o)
                              Core/Src/sensor_service.o (strncmp)
c:/st/stm32cubeide_1.2.0/stm32cubeide/plugins/com.st.stm32cube.ide.mcu.externaltools.gnu-tools-for-stm32.9-2020-q2-update.win32_1.5.0.202011040924/tools/bin/../lib/gcc/arm-none-eabi/9.3.1/../../../../arm-none-eabi/lib/thumb/v7e-m+fp/hard\libc_nano.a(lib_a-vsnprintf.o)
                              Core/Src/debug.o (vsnprintf)
c:/st/stm32cubeide_1.2.0/stm32cubeide/plugins/com.st.stm32cube.ide.mcu.externaltools.gnu-tools-for-stm32.9-2020-q2-update.win32_1.5.0.202011040924/tools/bin/../lib/gcc/arm-none-eabi/9.3.1/../../../../arm-none-eabi/lib/thumb/v7e-m+fp/hard\libc_nano.a(lib_a-nano-svfprintf.o)
                              c:/st/stm32cubeide_1.2.0/stm32cubeide/plugins/com.st.stm32cube.ide.mcu.externaltools.gnu-tools-for-stm32.9-2020-q2-update.win32_1.5.0.202011040924/tools/bin/../lib/gcc/arm-none-eabi/9.3.1/../../../../arm-none-eabi/lib/thumb/v7e-m+fp/hard\libc_nano.a(lib_a-sprintf.o) (_svfprintf_r)
[...]
Memory Configuration

Name             Origin             Length             Attributes
RAM              0x0000000020000000 0x0000000000010000 xrw
FLASH            0x0000000008000000 0x0000000000040000 xr
*default*        0x0000000000000000 0xffffffffffffffff

Linker script and memory map

LOAD c:/st/stm32cubeide_1.2.0/stm32cubeide/plugins/com.st.stm32cube.ide.mcu.externaltools.gnu-tools-for-stm32.9-2020-q2-update.win32_1.5.0.202011040924/tools/bin/../lib/gcc/arm-none-eabi/9.3.1/thumb/v7e-m+fp/hard/crti.o
LOAD c:/st/stm32cubeide_1.2.0/stm32cubeide/plugins/com.st.stm32cube.ide.mcu.externaltools.gnu-tools-for-stm32.9-2020-q2-update.win32_1.5.0.202011040924/tools/bin/../lib/gcc/arm-none-eabi/9.3.1/thumb/v7e-m+fp/hard/crtbegin.o
LOAD c:/st/stm32cubeide_1.2.0/stm32cubeide/plugins/com.st.stm32cube.ide.mcu.externaltools.gnu-tools-for-stm32.9-2020-q2-update.win32_1.5.0.202011040924/tools/bin/../lib/gcc/arm-none-eabi/9.3.1/../../../../arm-none-eabi/lib/thumb/v7e-m+fp/hard/crt0.o
LOAD Core/Src/PID.o
LOAD Core/Src/ahrs.o
LOAD Core/Src/basic_math.o
LOAD Core/Src/console.o
LOAD Core/Src/custom_bus.o
LOAD Core/Src/debug.o
LOAD Core/Src/flight_control.o
LOAD Core/Src/main.o
LOAD Core/Src/motor.o
LOAD Core/Src/quaternion.o
LOAD Core/Src/rc.o
LOAD Core/Src/sensor_service.o
LOAD Core/Src/stm32f4xx_hal_msp.o
LOAD Core/Src/stm32f4xx_it.o
LOAD Core/Src/syscalls.o
LOAD Core/Src/sysmem.o
LOAD Core/Src/system_stm32f4xx.o
LOAD Core/Src/timer.o
LOAD Core/Startup/startup_stm32f401ccux.o
LOAD Drivers/BSP/Components/BLE/SPBTLE_RF.o
LOAD Drivers/BSP/Components/lps22hh/lps22hh.o
LOAD Drivers/BSP/Components/lps22hh/lps22hh_reg.o
LOAD Drivers/BSP/Components/lsm6dsr/lsm6dsr.o
LOAD Drivers/BSP/Components/lsm6dsr/lsm6dsr_reg.o
LOAD Drivers/STM32F4xx_HAL_Driver/Src/stm32f4xx_hal.o
LOAD Drivers/STM32F4xx_HAL_Driver/Src/stm32f4xx_hal_adc.o
LOAD Drivers/STM32F4xx_HAL_Driver/Src/stm32f4xx_hal_adc_ex.o
LOAD Drivers/STM32F4xx_HAL_Driver/Src/stm32f4xx_hal_cortex.o
LOAD Drivers/STM32F4xx_HAL_Driver/Src/stm32f4xx_hal_dma.o
LOAD Drivers/STM32F4xx_HAL_Driver/Src/stm32f4xx_hal_dma_ex.o
LOAD Drivers/STM32F4xx_HAL_Driver/Src/stm32f4xx_hal_exti.o
LOAD Drivers/STM32F4xx_HAL_Driver/Src/stm32f4xx_hal_flash.o
LOAD Drivers/STM32F4xx_HAL_Driver/Src/stm32f4xx_hal_flash_ex.o
LOAD Drivers/STM32F4xx_HAL_Driver/Src/stm32f4xx_hal_flash_ramfunc.o
LOAD Drivers/STM32F4xx_HAL_Driver/Src/stm32f4xx_hal_gpio.o
LOAD Drivers/STM32F4xx_HAL_Driver/Src/stm32f4xx_hal_i2c.o
LOAD Drivers/STM32F4xx_HAL_Driver/Src/stm32f4xx_hal_i2c_ex.o
LOAD Drivers/STM32F4xx_HAL_Driver/Src/stm32f4xx_hal_pwr.o
LOAD Drivers/STM32F4xx_HAL_Driver/Src/stm32f4xx_hal_pwr_ex.o
LOAD Drivers/STM32F4xx_HAL_Driver/Src/stm32f4xx_hal_rcc.o
LOAD Drivers/STM32F4xx_HAL_Driver/Src/stm32f4xx_hal_rcc_ex.o
LOAD Drivers/STM32F4xx_HAL_Driver/Src/stm32f4xx_hal_spi.o
LOAD Drivers/STM32F4xx_HAL_Driver/Src/stm32f4xx_hal_tim.o
LOAD Drivers/STM32F4xx_HAL_Driver/Src/stm32f4xx_hal_tim_ex.o
LOAD Drivers/STM32F4xx_HAL_Driver/Src/stm32f4xx_hal_uart.o
LOAD Drivers/STM32F4xx_HAL_Driver/Src/stm32f4xx_ll_adc.o
LOAD Middlewares/HCI/Controller/bluenrg_gap_aci.o
LOAD Middlewares/HCI/Controller/bluenrg_gatt_aci.o
LOAD Middlewares/HCI/Controller/bluenrg_hal_aci.o
LOAD Middlewares/HCI/Controller/bluenrg_l2cap_aci.o
LOAD Middlewares/HCI/Controller/bluenrg_utils.o
LOAD Middlewares/HCI/hci.o
LOAD Middlewares/Interface/bluenrg_itf_template.o
LOAD Middlewares/Utils/ble_list.o
LOAD Middlewares/Utils/gp_timer.o
LOAD Middlewares/Utils/osal.o
LOAD X-CUBE-MEMS1/Target/custom_env_sensors.o
LOAD X-CUBE-MEMS1/Target/custom_env_sensors_ex.o
LOAD X-CUBE-MEMS1/Target/custom_motion_sensors.o
LOAD X-CUBE-MEMS1/Target/custom_motion_sensors_ex.o
START GROUP
LOAD c:/st/stm32cubeide_1.2.0/stm32cubeide/plugins/com.st.stm32cube.ide.mcu.externaltools.gnu-tools-for-stm32.9-2020-q2-update.win32_1.5.0.202011040924/tools/bin/../lib/gcc/arm-none-eabi/9.3.1/../../../../arm-none-eabi/lib/thumb/v7e-m+fp/hard\libc_nano.a
LOAD c:/st/stm32cubeide_1.2.0/stm32cubeide/plugins/com.st.stm32cube.ide.mcu.externaltools.gnu-tools-for-stm32.9-2020-q2-update.win32_1.5.0.202011040924/tools/bin/../lib/gcc/arm-none-eabi/9.3.1/../../../../arm-none-eabi/lib/thumb/v7e-m+fp/hard\libm.a
END GROUP
START GROUP
LOAD c:/st/stm32cubeide_1.2.0/stm32cubeide/plugins/com.st.stm32cube.ide.mcu.externaltools.gnu-tools-for-stm32.9-2020-q2-update.win32_1.5.0.202011040924/tools/bin/../lib/gcc/arm-none-eabi/9.3.1/thumb/v7e-m+fp/hard\libgcc.a
LOAD c:/st/stm32cubeide_1.2.0/stm32cubeide/plugins/com.st.stm32cube.ide.mcu.externaltools.gnu-tools-for-stm32.9-2020-q2-update.win32_1.5.0.202011040924/tools/bin/../lib/gcc/arm-none-eabi/9.3.1/../../../../arm-none-eabi/lib/thumb/v7e-m+fp/hard\libc_nano.a
END GROUP
START GROUP
LOAD c:/st/stm32cubeide_1.2.0/stm32cubeide/plugins/com.st.stm32cube.ide.mcu.externaltools.gnu-tools-for-stm32.9-2020-q2-update.win32_1.5.0.202011040924/tools/bin/../lib/gcc/arm-none-eabi/9.3.1/thumb/v7e-m+fp/hard\libgcc.a
LOAD c:/st/stm32cubeide_1.2.0/stm32cubeide/plugins/com.st.stm32cube.ide.mcu.externaltools.gnu-tools-for-stm32.9-2020-q2-update.win32_1.5.0.202011040924/tools/bin/../lib/gcc/arm-none-eabi/9.3.1/../../../../arm-none-eabi/lib/thumb/v7e-m+fp/hard\libc_nano.a
LOAD c:/st/stm32cubeide_1.2.0/stm32cubeide/plugins/com.st.stm32cube.ide.mcu.externaltools.gnu-tools-for-stm32.9-2020-q2-update.win32_1.5.0.202011040924/tools/bin/../lib/gcc/arm-none-eabi/9.3.1/../../../../arm-none-eabi/lib/thumb/v7e-m+fp/hard\libnosys.a
END GROUP
START GROUP
LOAD c:/st/stm32cubeide_1.2.0/stm32cubeide/plugins/com.st.stm32cube.ide.mcu.externaltools.gnu-tools-for-stm32.9-2020-q2-update.win32_1.5.0.202011040924/tools/bin/../lib/gcc/arm-none-eabi/9.3.1/thumb/v7e-m+fp/hard\libgcc.a
LOAD c:/st/stm32cubeide_1.2.0/stm32cubeide/plugins/com.st.stm32cube.ide.mcu.externaltools.gnu-tools-for-stm32.9-2020-q2-update.win32_1.5.0.202011040924/tools/bin/../lib/gcc/arm-none-eabi/9.3.1/../../../../arm-none-eabi/lib/thumb/v7e-m+fp/hard\libc_nano.a
LOAD c:/st/stm32cubeide_1.2.0/stm32cubeide/plugins/com.st.stm32cube.ide.mcu.externaltools.gnu-tools-for-stm32.9-2020-q2-update.win32_1.5.0.202011040924/tools/bin/../lib/gcc/arm-none-eabi/9.3.1/../../../../arm-none-eabi/lib/thumb/v7e-m+fp/hard\libnosys.a
END GROUP
LOAD c:/st/stm32cubeide_1.2.0/stm32cubeide/plugins/com.st.stm32cube.ide.mcu.externaltools.gnu-tools-for-stm32.9-2020-q2-update.win32_1.5.0.202011040924/tools/bin/../lib/gcc/arm-none-eabi/9.3.1/thumb/v7e-m+fp/hard/crtend.o
LOAD c:/st/stm32cubeide_1.2.0/stm32cubeide/plugins/com.st.stm32cube.ide.mcu.externaltools.gnu-tools-for-stm32.9-2020-q2-update.win32_1.5.0.202011040924/tools/bin/../lib/gcc/arm-none-eabi/9.3.1/thumb/v7e-m+fp/hard/crtn.o
                0x0000000020010000                _estack = (ORIGIN (RAM) + LENGTH (RAM))
                0x0000000000004000                _Min_Heap_Size = 0x4000
                0x0000000000004000                _Min_Stack_Size = 0x4000

.isr_vector     0x0000000008000000      0x194
                0x0000000008000000                . = ALIGN (0x4)
 *(.isr_vector)
 .isr_vector    0x0000000008000000      0x194 Core/Startup/startup_stm32f401ccux.o
                0x0000000008000000                g_pfnVectors
                0x0000000008000194                . = ALIGN (0x4)

.text           0x00000000080001a0    0x111f0
                0x00000000080001a0                . = ALIGN (0x4)
 *(.text)
 .text          0x00000000080001a0       0x40 c:/st/stm32cubeide_1.2.0/stm32cubeide/plugins/com.st.stm32cube.ide.mcu.externaltools.gnu-tools-for-stm32.9-2020-q2-update.win32_1.5.0.202011040924/tools/bin/../lib/gcc/arm-none-eabi/9.3.1/thumb/v7e-m+fp/hard/crtbegin.o
 .text          0x00000000080001e0       0xa0 c:/st/stm32cubeide_1.2.0/stm32cubeide/plugins/com.st.stm32cube.ide.mcu.externaltools.gnu-tools-for-stm32.9-2020-q2-update.win32_1.5.0.202011040924/tools/bin/../lib/gcc/arm-none-eabi/9.3.1/../../../../arm-none-eabi/lib/thumb/v7e-m+fp/hard\libc_nano.a(lib_a-memchr.o)
                0x00000000080001e0                memchr
 .text          0x0000000008000280      0x378 c:/st/stm32cubeide_1.2.0/stm32cubeide/plugins/com.st.stm32cube.ide.mcu.externaltools.gnu-tools-for-stm32.9-2020-q2-update.win32_1.5.0.202011040924/tools/bin/../lib/gcc/arm-none-eabi/9.3.1/thumb/v7e-m+fp/hard\libgcc.a(_arm_addsubdf3.o)
                0x0000000008000280                __aeabi_drsub
                0x0000000008000288                __aeabi_dsub
                0x0000000008000288                __subdf3
                0x000000000800028c                __aeabi_dadd
                0x000000000800028c                __adddf3
                0x0000000008000504                __floatunsidf
                0x0000000008000504                __aeabi_ui2d
                0x0000000008000524                __floatsidf
                0x0000000008000524                __aeabi_i2d
                0x0000000008000548                __aeabi_f2d
                0x0000000008000548                __extendsfdf2
                0x000000000800058c                __floatundidf
                0x000000000800058c                __aeabi_ul2d
                0x000000000800059c                __floatdidf
                0x000000000800059c                __aeabi_l2d
 .text          0x00000000080005f8      0x424 c:/st/stm32cubeide_1.2.0/stm32cubeide/plugins/com.st.stm32cube.ide.mcu.externaltools.gnu-tools-for-stm32.9-2020-q2-update.win32_1.5.0.202011040924/tools/bin/../lib/gcc/arm-none-eabi/9.3.1/thumb/v7e-m+fp/hard\libgcc.a(_arm_muldivdf3.o)
                0x00000000080005f8                __aeabi_dmul
                0x00000000080005f8                __muldf3
                0x000000000800084c                __divdf3
                0x000000000800084c                __aeabi_ddiv
 .text          0x0000000008000a1c      0x110 c:/st/stm32cubeide_1.2.0/stm32cubeide/plugins/com.st.stm32cube.ide.mcu.externaltools.gnu-tools-for-stm32.9-2020-q2-update.win32_1.5.0.202011040924/tools/bin/../lib/gcc/arm-none-eabi/9.3.1/thumb/v7e-m+fp/hard\libgcc.a(_arm_cmpdf2.o)
                0x0000000008000a1c                __gtdf2
                0x0000000008000a1c                __gedf2
                0x0000000008000a24                __ltdf2
                0x0000000008000a24                __ledf2
                0x0000000008000a2c                __nedf2
                0x0000000008000a2c                __eqdf2
                0x0000000008000a2c                __cmpdf2
                0x0000000008000aa8                __aeabi_cdrcmple
                0x0000000008000ab8                __aeabi_cdcmpeq
                0x0000000008000ab8                __aeabi_cdcmple
                0x0000000008000ac8                __aeabi_dcmpeq
                0x0000000008000adc                __aeabi_dcmplt
                0x0000000008000af0                __aeabi_dcmple
                0x0000000008000b04                __aeabi_dcmpge
                0x0000000008000b18                __aeabi_dcmpgt
 .text          0x0000000008000b2c       0x2c c:/st/stm32cubeide_1.2.0/stm32cubeide/plugins/com.st.stm32cube.ide.mcu.externaltools.gnu-tools-for-stm32.9-2020-q2-update.win32_1.5.0.202011040924/tools/bin/../lib/gcc/arm-none-eabi/9.3.1/thumb/v7e-m+fp/hard\libgcc.a(_arm_unorddf2.o)
                0x0000000008000b2c                __unorddf2
                0x0000000008000b2c                __aeabi_dcmpun
 .text          0x0000000008000b58       0xa0 c:/st/stm32cubeide_1.2.0/stm32cubeide/plugins/com.st.stm32cube.ide.mcu.externaltools.gnu-tools-for-stm32.9-2020-q2-update.win32_1.5.0.202011040924/tools/bin/../lib/gcc/arm-none-eabi/9.3.1/thumb/v7e-m+fp/hard\libgcc.a(_arm_truncdfsf2.o)
                0x0000000008000b58                __truncdfsf2
                0x0000000008000b58                __aeabi_d2f
 .text          0x0000000008000bf8       0x30 c:/st/stm32cubeide_1.2.0/stm32cubeide/plugins/com.st.stm32cube.ide.mcu.externaltools.gnu-tools-for-stm32.9-2020-q2-update.win32_1.5.0.202011040924/tools/bin/../lib/gcc/arm-none-eabi/9.3.1/thumb/v7e-m+fp/hard\libgcc.a(_aeabi_uldivmod.o)
                0x0000000008000bf8                __aeabi_uldivmod
 .text          0x0000000008000c28      0x2c4 c:/st/stm32cubeide_1.2.0/stm32cubeide/plugins/com.st.stm32cube.ide.mcu.externaltools.gnu-tools-for-stm32.9-2020-q2-update.win32_1.5.0.202011040924/tools/bin/../lib/gcc/arm-none-eabi/9.3.1/thumb/v7e-m+fp/hard\libgcc.a(_udivmoddi4.o)
                0x0000000008000c28                __udivmoddi4
 .text          0x0000000008000eec        0x4 c:/st/stm32cubeide_1.2.0/stm32cubeide/plugins/com.st.stm32cube.ide.mcu.externaltools.gnu-tools-for-stm32.9-2020-q2-update.win32_1.5.0.202011040924/tools/bin/../lib/gcc/arm-none-eabi/9.3.1/thumb/v7e-m+fp/hard\libgcc.a(_dvmd_tls.o)
                0x0000000008000eec                __aeabi_idiv0
                0x0000000008000eec                __aeabi_ldiv0
 *(.text*)
 .text.ahrs_fusion_ag
                0x0000000008000ef0      0x50c Core/Src/ahrs.o
                0x0000000008000ef0                ahrs_fusion_ag
 .text.invSqrt  0x00000000080013fc       0x78 Core/Src/basic_math.o
                0x00000000080013fc                invSqrt
 .text.BSP_SPI2_Init
                0x0000000008001474       0x60 Core/Src/custom_bus.o
                0x0000000008001474                BSP_SPI2_Init
 .text.BSP_SPI2_DeInit
                0x00000000080014d4       0x50 Core/Src/custom_bus.o
                0x00000000080014d4                BSP_SPI2_DeInit
 .text.BSP_SPI2_Send
                0x0000000008001524       0x38 Core/Src/custom_bus.o
                0x0000000008001524                BSP_SPI2_Send
 .text.BSP_SPI2_Recv
                0x000000000800155c       0x38 Core/Src/custom_bus.o
                0x000000000800155c                BSP_SPI2_Recv
 .text.BSP_GetTick
                0x0000000008001594        0xe Core/Src/custom_bus.o
                0x0000000008001594                BSP_GetTick
 *fill*         0x00000000080015a2        0x2 
 .text.MX_SPI2_Init
                0x00000000080015a4       0x78 Core/Src/custom_bus.o
                0x00000000080015a4                MX_SPI2_Init
 .text.SPI2_MspInit
                0x000000000800161c       0xc8 Core/Src/custom_bus.o
 .text.SPI2_MspDeInit
                0x00000000080016e4       0x48 Core/Src/custom_bus.o
 .text.myprintf
                0x000000000800172c       0x44 Core/Src/debug.o
                0x000000000800172c                myprintf
 .text.usart_puts
                0x0000000008001770       0x28 Core/Src/debug.o
                0x0000000008001770                usart_puts
 .text.PIDControlInit
                0x0000000008001798       0xf0 Core/Src/flight_control.o
                0x0000000008001798                PIDControlInit
 .text.FlightControlPID_OuterLoop
                0x0000000008001888      0x238 Core/Src/flight_control.o
                0x0000000008001888                FlightControlPID_OuterLoop
 .text.FlightControlPID_innerLoop
                0x0000000008001ac0      0x548 Core/Src/flight_control.o
                0x0000000008001ac0                FlightControlPID_innerLoop
 .text.main     0x0000000008002008      0xa2c Core/Src/main.o
                0x0000000008002008                main
 .text.SystemClock_Config
                0x0000000008002a34       0xd8 Core/Src/main.o
                0x0000000008002a34                SystemClock_Config
 .text.MX_ADC1_Init
                0x0000000008002b0c       0xa4 Core/Src/main.o
 .text.MX_I2C2_Init
                0x0000000008002bb0       0x5c Core/Src/main.o
 .text.MX_SPI1_Init
                0x0000000008002c0c       0x6c Core/Src/main.o
 .text.MX_TIM2_Init
                0x0000000008002c78      0x120 Core/Src/main.o
 .text.MX_TIM4_Init
                0x0000000008002d98      0x130 Core/Src/main.o
 .text.MX_TIM9_Init
                0x0000000008002ec8       0x74 Core/Src/main.o
 .text.MX_USART1_UART_Init
                0x0000000008002f3c       0x54 Core/Src/main.o
 .text.MX_GPIO_Init
                0x0000000008002f90      0x1c4 Core/Src/main.o
 .text.ReadSensorRawData
                0x0000000008003154       0x86 Core/Src/main.o
                0x0000000008003154                ReadSensorRawData
 *fill*         0x00000000080031da        0x2 
 .text.HAL_TIM_PeriodElapsedCallback
                0x00000000080031dc      0x928 Core/Src/main.o
                0x00000000080031dc                HAL_TIM_PeriodElapsedCallback
 .text.BSP_LED_Init
                0x0000000008003b04       0x8c Core/Src/main.o
                0x0000000008003b04                BSP_LED_Init
 .text.BSP_LED_On
                0x0000000008003b90       0x34 Core/Src/main.o
                0x0000000008003b90                BSP_LED_On
 .text.BSP_LED_Off
                0x0000000008003bc4       0x34 Core/Src/main.o
                0x0000000008003bc4                BSP_LED_Off
 .text.BSP_LED_Toggle
                0x0000000008003bf8       0x34 Core/Src/main.o
                0x0000000008003bf8                BSP_LED_Toggle
 .text.BlueNRG_Init
                0x0000000008003c2c      0x284 Core/Src/main.o
                0x0000000008003c2c                BlueNRG_Init
 .text.Init_BlueNRG_Custom_Services
                0x0000000008003eb0       0x7c Core/Src/main.o
 .text.SendMotionData
                0x0000000008003f2c       0x48 Core/Src/main.o
 *fill*         0x0000000008003f74        0x4 
 .text.SendBattEnvData
                0x0000000008003f78      0x22c Core/Src/main.o
 .text.SendArmingData
                0x00000000080041a4       0x18 Core/Src/main.o
 .text.Error_Handler
                0x00000000080041bc        0xe Core/Src/main.o
                0x00000000080041bc                Error_Handler
 *fill*         0x00000000080041ca        0x2 
 .text.set_motor_pwm
                0x00000000080041cc      0x154 Core/Src/motor.o
                0x00000000080041cc                set_motor_pwm
 .text.set_motor_pwm_zero
                0x0000000008004320       0x34 Core/Src/motor.o
                0x0000000008004320                set_motor_pwm_zero
 .text.QuaternionToEuler
                0x0000000008004354      0x164 Core/Src/quaternion.o
                0x0000000008004354                QuaternionToEuler
 .text.init_remote_control
                0x00000000080044b8       0x60 Core/Src/rc.o
                0x00000000080044b8                init_remote_control
 .text.init_rc_variables
                0x0000000008004518       0x68 Core/Src/rc.o
                0x0000000008004518                init_rc_variables
 .text.HAL_TIM_IC_CaptureCallback
                0x0000000008004580       0x16 Core/Src/rc.o
                0x0000000008004580                HAL_TIM_IC_CaptureCallback
 *fill*         0x0000000008004596        0x2 
 .text.update_rc_data
                0x0000000008004598       0xb4 Core/Src/rc.o
                0x0000000008004598                update_rc_data
 .text.GetTargetEulerAngle
                0x000000000800464c      0x174 Core/Src/rc.o
                0x000000000800464c                GetTargetEulerAngle
 .text.init_queue
                0x00000000080047c0       0x60 Core/Src/rc.o
                0x00000000080047c0                init_queue
 .text.safe_aci_gatt_update_char_value
                0x0000000008004820       0x68 Core/Src/sensor_service.o
                0x0000000008004820                safe_aci_gatt_update_char_value
 .text.Add_ConfigW2ST_Service
                0x0000000008004888       0xec Core/Src/sensor_service.o
                0x0000000008004888                Add_ConfigW2ST_Service
 .text.Add_ConsoleW2ST_Service
                0x0000000008004974      0x164 Core/Src/sensor_service.o
                0x0000000008004974                Add_ConsoleW2ST_Service
 .text.Stderr_Update
                0x0000000008004ad8       0x90 Core/Src/sensor_service.o
                0x0000000008004ad8                Stderr_Update
 .text.Term_Update
                0x0000000008004b68       0x9c Core/Src/sensor_service.o
                0x0000000008004b68                Term_Update
 .text.Stderr_Update_AfterRead
                0x0000000008004c04       0x44 Core/Src/sensor_service.o
 .text.Term_Update_AfterRead
                0x0000000008004c48       0x88 Core/Src/sensor_service.o
 .text.Add_HWServW2ST_Service
                0x0000000008004cd0      0x32c Core/Src/sensor_service.o
                0x0000000008004cd0                Add_HWServW2ST_Service
 .text.AccGyroMag_Update
                0x0000000008004ffc      0x18c Core/Src/sensor_service.o
                0x0000000008004ffc                AccGyroMag_Update
 .text.Batt_Env_RSSI_Update
                0x0000000008005188      0x178 Core/Src/sensor_service.o
                0x0000000008005188                Batt_Env_RSSI_Update
 .text.ARMING_Update
                0x0000000008005300       0xa4 Core/Src/sensor_service.o
                0x0000000008005300                ARMING_Update
 .text.setConnectable
                0x00000000080053a4       0xcc Core/Src/sensor_service.o
                0x00000000080053a4                setConnectable
 .text.GAP_ConnectionComplete_CB
                0x0000000008005470       0x98 Core/Src/sensor_service.o
 .text.GAP_DisconnectionComplete_CB
                0x0000000008005508       0x40 Core/Src/sensor_service.o
 .text.Read_Request_CB
                0x0000000008005548      0x108 Core/Src/sensor_service.o
                0x0000000008005548                Read_Request_CB
 .text.Attribute_Modified_CB
                0x0000000008005650      0x244 Core/Src/sensor_service.o
                0x0000000008005650                Attribute_Modified_CB
 .text.DebugConsoleCommandParsing
                0x0000000008005894      0x470 Core/Src/sensor_service.o
 .text.ConfigCommandParsing
                0x0000000008005d04       0x1e Core/Src/sensor_service.o
 *fill*         0x0000000008005d22        0x2 
 .text.HCI_Event_CB
                0x0000000008005d24       0xec Core/Src/sensor_service.o
                0x0000000008005d24                HCI_Event_CB
 .text.DisableHWFeatures
                0x0000000008005e10        0xe Core/Src/sensor_service.o
 *fill*         0x0000000008005e1e        0x2 
 .text.HAL_MspInit
                0x0000000008005e20       0x50 Core/Src/stm32f4xx_hal_msp.o
                0x0000000008005e20                HAL_MspInit
 .text.HAL_ADC_MspInit
                0x0000000008005e70       0x88 Core/Src/stm32f4xx_hal_msp.o
                0x0000000008005e70                HAL_ADC_MspInit
 .text.HAL_I2C_MspInit
                0x0000000008005ef8       0xb0 Core/Src/stm32f4xx_hal_msp.o
                0x0000000008005ef8                HAL_I2C_MspInit
 .text.HAL_SPI_MspInit
                0x0000000008005fa8      0x13c Core/Src/stm32f4xx_hal_msp.o
                0x0000000008005fa8                HAL_SPI_MspInit
 .text.HAL_SPI_MspDeInit
                0x00000000080060e4       0x70 Core/Src/stm32f4xx_hal_msp.o
                0x00000000080060e4                HAL_SPI_MspDeInit
 .text.HAL_TIM_Base_MspInit
                0x0000000008006154      0x114 Core/Src/stm32f4xx_hal_msp.o
                0x0000000008006154                HAL_TIM_Base_MspInit
 .text.HAL_TIM_MspPostInit
                0x0000000008006268       0x74 Core/Src/stm32f4xx_hal_msp.o
                0x0000000008006268                HAL_TIM_MspPostInit
 .text.HAL_UART_MspInit
                0x00000000080062dc       0xa0 Core/Src/stm32f4xx_hal_msp.o
                0x00000000080062dc                HAL_UART_MspInit
 .text.NMI_Handler
                0x000000000800637c        0xe Core/Src/stm32f4xx_it.o
                0x000000000800637c                NMI_Handler
 .text.HardFault_Handler
                0x000000000800638a        0x6 Core/Src/stm32f4xx_it.o
                0x000000000800638a                HardFault_Handler
 .text.MemManage_Handler
                0x0000000008006390        0x6 Core/Src/stm32f4xx_it.o
                0x0000000008006390                MemManage_Handler
 .text.BusFault_Handler
                0x0000000008006396        0x6 Core/Src/stm32f4xx_it.o
                0x0000000008006396                BusFault_Handler
 .text.UsageFault_Handler
                0x000000000800639c        0x6 Core/Src/stm32f4xx_it.o
                0x000000000800639c                UsageFault_Handler
 .text.SVC_Handler
                0x00000000080063a2        0xe Core/Src/stm32f4xx_it.o
                0x00000000080063a2                SVC_Handler
 .text.DebugMon_Handler
                0x00000000080063b0        0xe Core/Src/stm32f4xx_it.o
                0x00000000080063b0                DebugMon_Handler
 .text.PendSV_Handler
                0x00000000080063be        0xe Core/Src/stm32f4xx_it.o
                0x00000000080063be                PendSV_Handler
 .text.SysTick_Handler
                0x00000000080063cc        0xc Core/Src/stm32f4xx_it.o
                0x00000000080063cc                SysTick_Handler
 .text.EXTI4_IRQHandler
                0x00000000080063d8        0xe Core/Src/stm32f4xx_it.o
                0x00000000080063d8                EXTI4_IRQHandler
 *fill*         0x00000000080063e6        0x2 
 .text.TIM1_BRK_TIM9_IRQHandler
                0x00000000080063e8       0x14 Core/Src/stm32f4xx_it.o
                0x00000000080063e8                TIM1_BRK_TIM9_IRQHandler
 .text.TIM2_IRQHandler
                0x00000000080063fc       0x14 Core/Src/stm32f4xx_it.o
                0x00000000080063fc                TIM2_IRQHandler
 .text.TIM4_IRQHandler
                0x0000000008006410       0x14 Core/Src/stm32f4xx_it.o
                0x0000000008006410                TIM4_IRQHandler
 .text.SPI1_IRQHandler
                0x0000000008006424       0x14 Core/Src/stm32f4xx_it.o
                0x0000000008006424                SPI1_IRQHandler
 .text.SPI2_IRQHandler
                0x0000000008006438       0x14 Core/Src/stm32f4xx_it.o
                0x0000000008006438                SPI2_IRQHandler
 .text.USART1_IRQHandler
                0x000000000800644c       0x14 Core/Src/stm32f4xx_it.o
                0x000000000800644c                USART1_IRQHandler
 .text._sbrk    0x0000000008006460       0x58 Core/Src/sysmem.o
                0x0000000008006460                _sbrk
 .text.SystemInit
                0x00000000080064b8       0x2c Core/Src/system_stm32f4xx.o
                0x00000000080064b8                SystemInit
 .text.SetupTimer
                0x00000000080064e4       0x2e Core/Src/timer.o
                0x00000000080064e4                SetupTimer
 .text.StartTimer
                0x0000000008006512       0x26 Core/Src/timer.o
                0x0000000008006512                StartTimer
 .text.ClearTimer
                0x0000000008006538       0x1a Core/Src/timer.o
                0x0000000008006538                ClearTimer
 .text.isTimerEventExist
                0x0000000008006552       0x18 Core/Src/timer.o
                0x0000000008006552                isTimerEventExist
 *fill*         0x000000000800656a        0x2 
 .text.Reset_Handler
                0x000000000800656c       0x50 Core/Startup/startup_stm32f401ccux.o
                0x000000000800656c                Reset_Handler
 .text.Default_Handler
                0x00000000080065bc        0x2 Core/Startup/startup_stm32f401ccux.o
                0x00000000080065bc                RTC_Alarm_IRQHandler
                0x00000000080065bc                EXTI2_IRQHandler
                0x00000000080065bc                SPI4_IRQHandler
                0x00000000080065bc                TIM1_CC_IRQHandler
                0x00000000080065bc                DMA2_Stream5_IRQHandler
                0x00000000080065bc                DMA1_Stream5_IRQHandler
                0x00000000080065bc                PVD_IRQHandler
                0x00000000080065bc                SDIO_IRQHandler
                0x00000000080065bc                TAMP_STAMP_IRQHandler
                0x00000000080065bc                EXTI3_IRQHandler
                0x00000000080065bc                TIM1_UP_TIM10_IRQHandler
                0x00000000080065bc                I2C3_ER_IRQHandler
                0x00000000080065bc                EXTI0_IRQHandler
                0x00000000080065bc                I2C2_EV_IRQHandler
                0x00000000080065bc                DMA1_Stream2_IRQHandler
                0x00000000080065bc                FPU_IRQHandler
                0x00000000080065bc                DMA2_Stream2_IRQHandler
                0x00000000080065bc                DMA2_Stream3_IRQHandler
                0x00000000080065bc                USART6_IRQHandler
                0x00000000080065bc                DMA2_Stream0_IRQHandler
                0x00000000080065bc                I2C1_EV_IRQHandler
                0x00000000080065bc                DMA1_Stream6_IRQHandler
                0x00000000080065bc                DMA1_Stream1_IRQHandler
                0x00000000080065bc                TIM3_IRQHandler
                0x00000000080065bc                RCC_IRQHandler
                0x00000000080065bc                Default_Handler
                0x00000000080065bc                EXTI15_10_IRQHandler
                0x00000000080065bc                ADC_IRQHandler
                0x00000000080065bc                DMA1_Stream7_IRQHandler
                0x00000000080065bc                TIM5_IRQHandler
                0x00000000080065bc                DMA2_Stream7_IRQHandler
                0x00000000080065bc                I2C3_EV_IRQHandler
                0x00000000080065bc                EXTI9_5_IRQHandler
                0x00000000080065bc                RTC_WKUP_IRQHandler
                0x00000000080065bc                DMA1_Stream0_IRQHandler
                0x00000000080065bc                WWDG_IRQHandler
                0x00000000080065bc                OTG_FS_WKUP_IRQHandler
                0x00000000080065bc                TIM1_TRG_COM_TIM11_IRQHandler
                0x00000000080065bc                EXTI1_IRQHandler
                0x00000000080065bc                USART2_IRQHandler
                0x00000000080065bc                I2C2_ER_IRQHandler
                0x00000000080065bc                DMA2_Stream1_IRQHandler
                0x00000000080065bc                FLASH_IRQHandler
                0x00000000080065bc                DMA2_Stream4_IRQHandler
                0x00000000080065bc                OTG_FS_IRQHandler
                0x00000000080065bc                SPI3_IRQHandler
                0x00000000080065bc                DMA1_Stream4_IRQHandler
                0x00000000080065bc                I2C1_ER_IRQHandler
                0x00000000080065bc                DMA2_Stream6_IRQHandler
                0x00000000080065bc                DMA1_Stream3_IRQHandler
 *fill*         0x00000000080065be        0x2 
 .text.HAL_GPIO_EXTI_Callback
                0x00000000080065c0       0x28 Drivers/BSP/Components/BLE/SPBTLE_RF.o
                0x00000000080065c0                HAL_GPIO_EXTI_Callback
 .text.Hal_Write_Serial
                0x00000000080065e8       0x5c Drivers/BSP/Components/BLE/SPBTLE_RF.o
                0x00000000080065e8                Hal_Write_Serial
 .text.BNRG_SPI_Init
                0x0000000008006644       0x64 Drivers/BSP/Components/BLE/SPBTLE_RF.o
                0x0000000008006644                BNRG_SPI_Init
 .text.BlueNRG_RST
                0x00000000080066a8       0x2c Drivers/BSP/Components/BLE/SPBTLE_RF.o
                0x00000000080066a8                BlueNRG_RST
 .text.BlueNRG_DataPresent
                0x00000000080066d4       0x20 Drivers/BSP/Components/BLE/SPBTLE_RF.o
                0x00000000080066d4                BlueNRG_DataPresent
 .text.BlueNRG_SPI_Read_All
                0x00000000080066f4       0xf0 Drivers/BSP/Components/BLE/SPBTLE_RF.o
                0x00000000080066f4                BlueNRG_SPI_Read_All
 .text.BlueNRG_SPI_Write
                0x00000000080067e4      0x144 Drivers/BSP/Components/BLE/SPBTLE_RF.o
                0x00000000080067e4                BlueNRG_SPI_Write
 .text.set_irq_as_output
                0x0000000008006928       0x38 Drivers/BSP/Components/BLE/SPBTLE_RF.o
                0x0000000008006928                set_irq_as_output
 .text.set_irq_as_input
                0x0000000008006960       0x44 Drivers/BSP/Components/BLE/SPBTLE_RF.o
                0x0000000008006960                set_irq_as_input
 .text.us150Delay
                0x00000000080069a4       0x2a Drivers/BSP/Components/BLE/SPBTLE_RF.o
 .text.Enable_SPI_IRQ
                0x00000000080069ce        0xe Drivers/BSP/Components/BLE/SPBTLE_RF.o
                0x00000000080069ce                Enable_SPI_IRQ
 .text.Disable_SPI_IRQ
                0x00000000080069dc        0xe Drivers/BSP/Components/BLE/SPBTLE_RF.o
                0x00000000080069dc                Disable_SPI_IRQ
 *fill*         0x00000000080069ea        0x2 
 .text.Clear_SPI_EXTI_Flag
                0x00000000080069ec       0x18 Drivers/BSP/Components/BLE/SPBTLE_RF.o
                0x00000000080069ec                Clear_SPI_EXTI_Flag
 .text.LPS22HH_RegisterBusIO
                0x0000000008006a04       0xcc Drivers/BSP/Components/lps22hh/lps22hh.o
                0x0000000008006a04                LPS22HH_RegisterBusIO
 .text.LPS22HH_Init
                0x0000000008006ad0       0x36 Drivers/BSP/Components/lps22hh/lps22hh.o
                0x0000000008006ad0                LPS22HH_Init
 .text.LPS22HH_DeInit
                0x0000000008006b06       0x48 Drivers/BSP/Components/lps22hh/lps22hh.o
                0x0000000008006b06                LPS22HH_DeInit
 .text.LPS22HH_ReadID
                0x0000000008006b4e       0x2c Drivers/BSP/Components/lps22hh/lps22hh.o
                0x0000000008006b4e                LPS22HH_ReadID
 *fill*         0x0000000008006b7a        0x2 
 .text.LPS22HH_GetCapabilities
                0x0000000008006b7c       0x48 Drivers/BSP/Components/lps22hh/lps22hh.o
                0x0000000008006b7c                LPS22HH_GetCapabilities
 .text.LPS22HH_PRESS_Enable
                0x0000000008006bc4       0x48 Drivers/BSP/Components/lps22hh/lps22hh.o
                0x0000000008006bc4                LPS22HH_PRESS_Enable
 .text.LPS22HH_PRESS_Disable
                0x0000000008006c0c       0x68 Drivers/BSP/Components/lps22hh/lps22hh.o
                0x0000000008006c0c                LPS22HH_PRESS_Disable
 .text.LPS22HH_PRESS_GetOutputDataRate
                0x0000000008006c74       0x1c Drivers/BSP/Components/lps22hh/lps22hh.o
                0x0000000008006c74                LPS22HH_PRESS_GetOutputDataRate
 .text.LPS22HH_PRESS_SetOutputDataRate
                0x0000000008006c90       0x38 Drivers/BSP/Components/lps22hh/lps22hh.o
                0x0000000008006c90                LPS22HH_PRESS_SetOutputDataRate
 .text.LPS22HH_PRESS_GetPressure
                0x0000000008006cc8       0x50 Drivers/BSP/Components/lps22hh/lps22hh.o
                0x0000000008006cc8                LPS22HH_PRESS_GetPressure
 .text.LPS22HH_TEMP_Enable
                0x0000000008006d18       0x48 Drivers/BSP/Components/lps22hh/lps22hh.o
                0x0000000008006d18                LPS22HH_TEMP_Enable
 .text.LPS22HH_TEMP_Disable
                0x0000000008006d60       0x68 Drivers/BSP/Components/lps22hh/lps22hh.o
                0x0000000008006d60                LPS22HH_TEMP_Disable
 .text.LPS22HH_TEMP_GetOutputDataRate
                0x0000000008006dc8       0x1c Drivers/BSP/Components/lps22hh/lps22hh.o
                0x0000000008006dc8                LPS22HH_TEMP_GetOutputDataRate
 .text.LPS22HH_TEMP_SetOutputDataRate
                0x0000000008006de4       0x38 Drivers/BSP/Components/lps22hh/lps22hh.o
                0x0000000008006de4                LPS22HH_TEMP_SetOutputDataRate
 .text.LPS22HH_TEMP_GetTemperature
                0x0000000008006e1c       0x52 Drivers/BSP/Components/lps22hh/lps22hh.o
                0x0000000008006e1c                LPS22HH_TEMP_GetTemperature
 .text.LPS22HH_Write_Reg
                0x0000000008006e6e       0x36 Drivers/BSP/Components/lps22hh/lps22hh.o
                0x0000000008006e6e                LPS22HH_Write_Reg
 .text.LPS22HH_GetOutputDataRate
                0x0000000008006ea4       0xc8 Drivers/BSP/Components/lps22hh/lps22hh.o
 .text.LPS22HH_SetOutputDataRate_When_Enabled
                0x0000000008006f6c       0xe4 Drivers/BSP/Components/lps22hh/lps22hh.o
 .text.LPS22HH_SetOutputDataRate_When_Disabled
                0x0000000008007050       0xb4 Drivers/BSP/Components/lps22hh/lps22hh.o
 .text.LPS22HH_Initialize
                0x0000000008007104       0x92 Drivers/BSP/Components/lps22hh/lps22hh.o
 .text.ReadRegWrap
                0x0000000008007196       0x36 Drivers/BSP/Components/lps22hh/lps22hh.o
 .text.WriteRegWrap
                0x00000000080071cc       0x36 Drivers/BSP/Components/lps22hh/lps22hh.o
 .text.lps22hh_read_reg
                0x0000000008007202       0x30 Drivers/BSP/Components/lps22hh/lps22hh_reg.o
                0x0000000008007202                lps22hh_read_reg
 .text.lps22hh_write_reg
                0x0000000008007232       0x30 Drivers/BSP/Components/lps22hh/lps22hh_reg.o
                0x0000000008007232                lps22hh_write_reg
 *fill*         0x0000000008007262        0x2 
 .text.lps22hh_from_lsb_to_hpa
                0x0000000008007264       0x30 Drivers/BSP/Components/lps22hh/lps22hh_reg.o
                0x0000000008007264                lps22hh_from_lsb_to_hpa
 .text.lps22hh_from_lsb_to_celsius
                0x0000000008007294       0x34 Drivers/BSP/Components/lps22hh/lps22hh_reg.o
                0x0000000008007294                lps22hh_from_lsb_to_celsius
 .text.lps22hh_block_data_update_set
                0x00000000080072c8       0x4c Drivers/BSP/Components/lps22hh/lps22hh_reg.o
                0x00000000080072c8                lps22hh_block_data_update_set
 .text.lps22hh_data_rate_set
                0x0000000008007314       0x9c Drivers/BSP/Components/lps22hh/lps22hh_reg.o
                0x0000000008007314                lps22hh_data_rate_set
 .text.lps22hh_data_rate_get
                0x00000000080073b0      0x150 Drivers/BSP/Components/lps22hh/lps22hh_reg.o
                0x00000000080073b0                lps22hh_data_rate_get
 .text.lps22hh_pressure_raw_get
                0x0000000008007500       0x52 Drivers/BSP/Components/lps22hh/lps22hh_reg.o
                0x0000000008007500                lps22hh_pressure_raw_get
 .text.lps22hh_temperature_raw_get
                0x0000000008007552       0x46 Drivers/BSP/Components/lps22hh/lps22hh_reg.o
                0x0000000008007552                lps22hh_temperature_raw_get
 .text.lps22hh_device_id_get
                0x0000000008007598       0x22 Drivers/BSP/Components/lps22hh/lps22hh_reg.o
                0x0000000008007598                lps22hh_device_id_get
 .text.lps22hh_auto_increment_set
                0x00000000080075ba       0x4c Drivers/BSP/Components/lps22hh/lps22hh_reg.o
                0x00000000080075ba                lps22hh_auto_increment_set
 .text.lps22hh_lp_bandwidth_set
                0x0000000008007606       0x4c Drivers/BSP/Components/lps22hh/lps22hh_reg.o
                0x0000000008007606                lps22hh_lp_bandwidth_set
 .text.lps22hh_i3c_interface_set
                0x0000000008007652       0x5e Drivers/BSP/Components/lps22hh/lps22hh_reg.o
                0x0000000008007652                lps22hh_i3c_interface_set
 .text.LSM6DSR_RegisterBusIO
                0x00000000080076b0       0xcc Drivers/BSP/Components/lsm6dsr/lsm6dsr.o
                0x00000000080076b0                LSM6DSR_RegisterBusIO
 .text.LSM6DSR_Init
                0x000000000800777c       0xea Drivers/BSP/Components/lsm6dsr/lsm6dsr.o
                0x000000000800777c                LSM6DSR_Init
 .text.LSM6DSR_DeInit
                0x0000000008007866       0x4e Drivers/BSP/Components/lsm6dsr/lsm6dsr.o
                0x0000000008007866                LSM6DSR_DeInit
 .text.LSM6DSR_ReadID
                0x00000000080078b4       0x2c Drivers/BSP/Components/lsm6dsr/lsm6dsr.o
                0x00000000080078b4                LSM6DSR_ReadID
 .text.LSM6DSR_GetCapabilities
                0x00000000080078e0       0x5c Drivers/BSP/Components/lsm6dsr/lsm6dsr.o
                0x00000000080078e0                LSM6DSR_GetCapabilities
 .text.LSM6DSR_ACC_Enable
                0x000000000800793c       0x48 Drivers/BSP/Components/lsm6dsr/lsm6dsr.o
                0x000000000800793c                LSM6DSR_ACC_Enable
 .text.LSM6DSR_ACC_Disable
                0x0000000008007984       0x5e Drivers/BSP/Components/lsm6dsr/lsm6dsr.o
                0x0000000008007984                LSM6DSR_ACC_Disable
 *fill*         0x00000000080079e2        0x2 
 .text.LSM6DSR_ACC_GetSensitivity
                0x00000000080079e4       0x8c Drivers/BSP/Components/lsm6dsr/lsm6dsr.o
                0x00000000080079e4                LSM6DSR_ACC_GetSensitivity
 .text.LSM6DSR_ACC_GetOutputDataRate
                0x0000000008007a70       0xf8 Drivers/BSP/Components/lsm6dsr/lsm6dsr.o
                0x0000000008007a70                LSM6DSR_ACC_GetOutputDataRate
 .text.LSM6DSR_ACC_SetOutputDataRate
                0x0000000008007b68       0x38 Drivers/BSP/Components/lsm6dsr/lsm6dsr.o
                0x0000000008007b68                LSM6DSR_ACC_SetOutputDataRate
 .text.LSM6DSR_ACC_GetFullScale
                0x0000000008007ba0       0x7c Drivers/BSP/Components/lsm6dsr/lsm6dsr.o
                0x0000000008007ba0                LSM6DSR_ACC_GetFullScale
 .text.LSM6DSR_ACC_SetFullScale
                0x0000000008007c1c       0x50 Drivers/BSP/Components/lsm6dsr/lsm6dsr.o
                0x0000000008007c1c                LSM6DSR_ACC_SetFullScale
 .text.LSM6DSR_ACC_GetAxesRaw
                0x0000000008007c6c       0x48 Drivers/BSP/Components/lsm6dsr/lsm6dsr.o
                0x0000000008007c6c                LSM6DSR_ACC_GetAxesRaw
 .text.LSM6DSR_ACC_GetAxes
                0x0000000008007cb4       0xae Drivers/BSP/Components/lsm6dsr/lsm6dsr.o
                0x0000000008007cb4                LSM6DSR_ACC_GetAxes
 .text.LSM6DSR_GYRO_Enable
                0x0000000008007d62       0x48 Drivers/BSP/Components/lsm6dsr/lsm6dsr.o
                0x0000000008007d62                LSM6DSR_GYRO_Enable
 .text.LSM6DSR_GYRO_Disable
                0x0000000008007daa       0x5e Drivers/BSP/Components/lsm6dsr/lsm6dsr.o
                0x0000000008007daa                LSM6DSR_GYRO_Disable
 .text.LSM6DSR_GYRO_GetSensitivity
                0x0000000008007e08       0xc8 Drivers/BSP/Components/lsm6dsr/lsm6dsr.o
                0x0000000008007e08                LSM6DSR_GYRO_GetSensitivity
 .text.LSM6DSR_GYRO_GetOutputDataRate
                0x0000000008007ed0       0xf8 Drivers/BSP/Components/lsm6dsr/lsm6dsr.o
                0x0000000008007ed0                LSM6DSR_GYRO_GetOutputDataRate
 .text.LSM6DSR_GYRO_SetOutputDataRate
                0x0000000008007fc8       0x38 Drivers/BSP/Components/lsm6dsr/lsm6dsr.o
                0x0000000008007fc8                LSM6DSR_GYRO_SetOutputDataRate
 .text.LSM6DSR_GYRO_GetFullScale
                0x0000000008008000       0xb8 Drivers/BSP/Components/lsm6dsr/lsm6dsr.o
                0x0000000008008000                LSM6DSR_GYRO_GetFullScale
 .text.LSM6DSR_GYRO_SetFullScale
                0x00000000080080b8       0x6a Drivers/BSP/Components/lsm6dsr/lsm6dsr.o
                0x00000000080080b8                LSM6DSR_GYRO_SetFullScale
 .text.LSM6DSR_GYRO_GetAxesRaw
                0x0000000008008122       0x48 Drivers/BSP/Components/lsm6dsr/lsm6dsr.o
                0x0000000008008122                LSM6DSR_GYRO_GetAxesRaw
 .text.LSM6DSR_GYRO_GetAxes
                0x000000000800816a       0xa8 Drivers/BSP/Components/lsm6dsr/lsm6dsr.o
                0x000000000800816a                LSM6DSR_GYRO_GetAxes
 .text.LSM6DSR_Read_Reg
                0x0000000008008212       0x34 Drivers/BSP/Components/lsm6dsr/lsm6dsr.o
                0x0000000008008212                LSM6DSR_Read_Reg
 .text.LSM6DSR_Write_Reg
                0x0000000008008246       0x36 Drivers/BSP/Components/lsm6dsr/lsm6dsr.o
                0x0000000008008246                LSM6DSR_Write_Reg
 .text.LSM6DSR_ACC_SetOutputDataRate_When_Enabled
                0x000000000800827c      0x118 Drivers/BSP/Components/lsm6dsr/lsm6dsr.o
 .text.LSM6DSR_ACC_SetOutputDataRate_When_Disabled
                0x0000000008008394      0x104 Drivers/BSP/Components/lsm6dsr/lsm6dsr.o
 .text.LSM6DSR_GYRO_SetOutputDataRate_When_Enabled
                0x0000000008008498      0x118 Drivers/BSP/Components/lsm6dsr/lsm6dsr.o
 .text.LSM6DSR_GYRO_SetOutputDataRate_When_Disabled
                0x00000000080085b0      0x104 Drivers/BSP/Components/lsm6dsr/lsm6dsr.o
 .text.ReadRegWrap
                0x00000000080086b4       0x36 Drivers/BSP/Components/lsm6dsr/lsm6dsr.o
 .text.WriteRegWrap
                0x00000000080086ea       0x36 Drivers/BSP/Components/lsm6dsr/lsm6dsr.o
 .text.lsm6dsr_read_reg
                0x0000000008008720       0x30 Drivers/BSP/Components/lsm6dsr/lsm6dsr_reg.o
                0x0000000008008720                lsm6dsr_read_reg
 .text.lsm6dsr_write_reg
                0x0000000008008750       0x30 Drivers/BSP/Components/lsm6dsr/lsm6dsr_reg.o
                0x0000000008008750                lsm6dsr_write_reg
 .text.lsm6dsr_xl_full_scale_set
                0x0000000008008780       0x4c Drivers/BSP/Components/lsm6dsr/lsm6dsr_reg.o
                0x0000000008008780                lsm6dsr_xl_full_scale_set
 .text.lsm6dsr_xl_full_scale_get
                0x00000000080087cc       0x70 Drivers/BSP/Components/lsm6dsr/lsm6dsr_reg.o
                0x00000000080087cc                lsm6dsr_xl_full_scale_get
 .text.lsm6dsr_xl_data_rate_set
                0x000000000800883c      0x1f8 Drivers/BSP/Components/lsm6dsr/lsm6dsr_reg.o
                0x000000000800883c                lsm6dsr_xl_data_rate_set
 .text.lsm6dsr_xl_data_rate_get
                0x0000000008008a34       0xd0 Drivers/BSP/Components/lsm6dsr/lsm6dsr_reg.o
                0x0000000008008a34                lsm6dsr_xl_data_rate_get
 .text.lsm6dsr_gy_full_scale_set
                0x0000000008008b04       0x4c Drivers/BSP/Components/lsm6dsr/lsm6dsr_reg.o
                0x0000000008008b04                lsm6dsr_gy_full_scale_set
 .text.lsm6dsr_gy_full_scale_get
                0x0000000008008b50       0xa4 Drivers/BSP/Components/lsm6dsr/lsm6dsr_reg.o
                0x0000000008008b50                lsm6dsr_gy_full_scale_get
 .text.lsm6dsr_gy_data_rate_set
                0x0000000008008bf4      0x1f8 Drivers/BSP/Components/lsm6dsr/lsm6dsr_reg.o
                0x0000000008008bf4                lsm6dsr_gy_data_rate_set
 .text.lsm6dsr_gy_data_rate_get
                0x0000000008008dec       0xc4 Drivers/BSP/Components/lsm6dsr/lsm6dsr_reg.o
                0x0000000008008dec                lsm6dsr_gy_data_rate_get
 .text.lsm6dsr_block_data_update_set
                0x0000000008008eb0       0x4c Drivers/BSP/Components/lsm6dsr/lsm6dsr_reg.o
                0x0000000008008eb0                lsm6dsr_block_data_update_set
 .text.lsm6dsr_angular_rate_raw_get
                0x0000000008008efc       0x96 Drivers/BSP/Components/lsm6dsr/lsm6dsr_reg.o
                0x0000000008008efc                lsm6dsr_angular_rate_raw_get
 .text.lsm6dsr_acceleration_raw_get
                0x0000000008008f92       0x96 Drivers/BSP/Components/lsm6dsr/lsm6dsr_reg.o
                0x0000000008008f92                lsm6dsr_acceleration_raw_get
 .text.lsm6dsr_mem_bank_set
                0x0000000008009028       0x4c Drivers/BSP/Components/lsm6dsr/lsm6dsr_reg.o
                0x0000000008009028                lsm6dsr_mem_bank_set
 .text.lsm6dsr_device_id_get
                0x0000000008009074       0x22 Drivers/BSP/Components/lsm6dsr/lsm6dsr_reg.o
                0x0000000008009074                lsm6dsr_device_id_get
 .text.lsm6dsr_auto_increment_set
                0x0000000008009096       0x4c Drivers/BSP/Components/lsm6dsr/lsm6dsr_reg.o
                0x0000000008009096                lsm6dsr_auto_increment_set
 .text.lsm6dsr_i3c_disable_set
                0x00000000080090e2       0x8c Drivers/BSP/Components/lsm6dsr/lsm6dsr_reg.o
                0x00000000080090e2                lsm6dsr_i3c_disable_set
 .text.lsm6dsr_fifo_mode_set
                0x000000000800916e       0x4c Drivers/BSP/Components/lsm6dsr/lsm6dsr_reg.o
                0x000000000800916e                lsm6dsr_fifo_mode_set
 .text.lsm6dsr_fsm_enable_get
                0x00000000080091ba       0x58 Drivers/BSP/Components/lsm6dsr/lsm6dsr_reg.o
                0x00000000080091ba                lsm6dsr_fsm_enable_get
 *fill*         0x0000000008009212        0x2 
 .text.lsm6dsr_fsm_data_rate_get
                0x0000000008009214       0x90 Drivers/BSP/Components/lsm6dsr/lsm6dsr_reg.o
                0x0000000008009214                lsm6dsr_fsm_data_rate_get
 .text.HAL_Init
                0x00000000080092a4       0x44 Drivers/STM32F4xx_HAL_Driver/Src/stm32f4xx_hal.o
                0x00000000080092a4                HAL_Init
 .text.HAL_InitTick
                0x00000000080092e8       0x60 Drivers/STM32F4xx_HAL_Driver/Src/stm32f4xx_hal.o
                0x00000000080092e8                HAL_InitTick
 .text.HAL_IncTick
                0x0000000008009348       0x28 Drivers/STM32F4xx_HAL_Driver/Src/stm32f4xx_hal.o
                0x0000000008009348                HAL_IncTick
 .text.HAL_GetTick
                0x0000000008009370       0x18 Drivers/STM32F4xx_HAL_Driver/Src/stm32f4xx_hal.o
                0x0000000008009370                HAL_GetTick
 .text.HAL_Delay
                0x0000000008009388       0x48 Drivers/STM32F4xx_HAL_Driver/Src/stm32f4xx_hal.o
                0x0000000008009388                HAL_Delay
 .text.HAL_GetHalVersion
                0x00000000080093d0       0x14 Drivers/STM32F4xx_HAL_Driver/Src/stm32f4xx_hal.o
                0x00000000080093d0                HAL_GetHalVersion
 .text.HAL_ADC_Init
                0x00000000080093e4       0x86 Drivers/STM32F4xx_HAL_Driver/Src/stm32f4xx_hal_adc.o
                0x00000000080093e4                HAL_ADC_Init
 *fill*         0x000000000800946a        0x2 
 .text.HAL_ADC_Start
                0x000000000800946c      0x168 Drivers/STM32F4xx_HAL_Driver/Src/stm32f4xx_hal_adc.o
                0x000000000800946c                HAL_ADC_Start
 .text.HAL_ADC_Stop
                0x00000000080095d4       0x66 Drivers/STM32F4xx_HAL_Driver/Src/stm32f4xx_hal_adc.o
                0x00000000080095d4                HAL_ADC_Stop
 .text.HAL_ADC_PollForConversion
                0x000000000800963a      0x116 Drivers/STM32F4xx_HAL_Driver/Src/stm32f4xx_hal_adc.o
                0x000000000800963a                HAL_ADC_PollForConversion
 .text.HAL_ADC_GetValue
                0x0000000008009750       0x1a Drivers/STM32F4xx_HAL_Driver/Src/stm32f4xx_hal_adc.o
                0x0000000008009750                HAL_ADC_GetValue
 *fill*         0x000000000800976a        0x2 
 .text.HAL_ADC_ConfigChannel
                0x000000000800976c      0x244 Drivers/STM32F4xx_HAL_Driver/Src/stm32f4xx_hal_adc.o
                0x000000000800976c                HAL_ADC_ConfigChannel
 .text.ADC_Init
                0x00000000080099b0      0x1f8 Drivers/STM32F4xx_HAL_Driver/Src/stm32f4xx_hal_adc.o
 .text.__NVIC_SetPriorityGrouping
                0x0000000008009ba8       0x48 Drivers/STM32F4xx_HAL_Driver/Src/stm32f4xx_hal_cortex.o
 .text.__NVIC_GetPriorityGrouping
                0x0000000008009bf0       0x1c Drivers/STM32F4xx_HAL_Driver/Src/stm32f4xx_hal_cortex.o
 .text.__NVIC_EnableIRQ
                0x0000000008009c0c       0x3c Drivers/STM32F4xx_HAL_Driver/Src/stm32f4xx_hal_cortex.o
 .text.__NVIC_DisableIRQ
                0x0000000008009c48       0x48 Drivers/STM32F4xx_HAL_Driver/Src/stm32f4xx_hal_cortex.o
 .text.__NVIC_SetPriority
                0x0000000008009c90       0x54 Drivers/STM32F4xx_HAL_Driver/Src/stm32f4xx_hal_cortex.o
 .text.NVIC_EncodePriority
                0x0000000008009ce4       0x66 Drivers/STM32F4xx_HAL_Driver/Src/stm32f4xx_hal_cortex.o
 *fill*         0x0000000008009d4a        0x2 
 .text.SysTick_Config
                0x0000000008009d4c       0x44 Drivers/STM32F4xx_HAL_Driver/Src/stm32f4xx_hal_cortex.o
 .text.HAL_NVIC_SetPriorityGrouping
                0x0000000008009d90       0x16 Drivers/STM32F4xx_HAL_Driver/Src/stm32f4xx_hal_cortex.o
                0x0000000008009d90                HAL_NVIC_SetPriorityGrouping
 .text.HAL_NVIC_SetPriority
                0x0000000008009da6       0x38 Drivers/STM32F4xx_HAL_Driver/Src/stm32f4xx_hal_cortex.o
                0x0000000008009da6                HAL_NVIC_SetPriority
 .text.HAL_NVIC_EnableIRQ
                0x0000000008009dde       0x1c Drivers/STM32F4xx_HAL_Driver/Src/stm32f4xx_hal_cortex.o
                0x0000000008009dde                HAL_NVIC_EnableIRQ
 .text.HAL_NVIC_DisableIRQ
                0x0000000008009dfa       0x1c Drivers/STM32F4xx_HAL_Driver/Src/stm32f4xx_hal_cortex.o
                0x0000000008009dfa                HAL_NVIC_DisableIRQ
 .text.HAL_SYSTICK_Config
                0x0000000008009e16       0x18 Drivers/STM32F4xx_HAL_Driver/Src/stm32f4xx_hal_cortex.o
                0x0000000008009e16                HAL_SYSTICK_Config
 .text.HAL_DMA_Abort
                0x0000000008009e2e       0xe0 Drivers/STM32F4xx_HAL_Driver/Src/stm32f4xx_hal_dma.o
                0x0000000008009e2e                HAL_DMA_Abort
 .text.HAL_DMA_Abort_IT
                0x0000000008009f0e       0x44 Drivers/STM32F4xx_HAL_Driver/Src/stm32f4xx_hal_dma.o
                0x0000000008009f0e                HAL_DMA_Abort_IT
 *fill*         0x0000000008009f52        0x2 
 .text.HAL_GPIO_Init
                0x0000000008009f54      0x308 Drivers/STM32F4xx_HAL_Driver/Src/stm32f4xx_hal_gpio.o
                0x0000000008009f54                HAL_GPIO_Init
 .text.HAL_GPIO_DeInit
                0x000000000800a25c      0x1c8 Drivers/STM32F4xx_HAL_Driver/Src/stm32f4xx_hal_gpio.o
                0x000000000800a25c                HAL_GPIO_DeInit
 .text.HAL_GPIO_ReadPin
                0x000000000800a424       0x30 Drivers/STM32F4xx_HAL_Driver/Src/stm32f4xx_hal_gpio.o
                0x000000000800a424                HAL_GPIO_ReadPin
 .text.HAL_GPIO_WritePin
                0x000000000800a454       0x32 Drivers/STM32F4xx_HAL_Driver/Src/stm32f4xx_hal_gpio.o
                0x000000000800a454                HAL_GPIO_WritePin
 .text.HAL_GPIO_TogglePin
                0x000000000800a486       0x34 Drivers/STM32F4xx_HAL_Driver/Src/stm32f4xx_hal_gpio.o
                0x000000000800a486                HAL_GPIO_TogglePin
 *fill*         0x000000000800a4ba        0x2 
 .text.HAL_GPIO_EXTI_IRQHandler
                0x000000000800a4bc       0x30 Drivers/STM32F4xx_HAL_Driver/Src/stm32f4xx_hal_gpio.o
                0x000000000800a4bc                HAL_GPIO_EXTI_IRQHandler
 .text.HAL_I2C_Init
                0x000000000800a4ec      0x288 Drivers/STM32F4xx_HAL_Driver/Src/stm32f4xx_hal_i2c.o
                0x000000000800a4ec                HAL_I2C_Init
 .text.HAL_RCC_OscConfig
                0x000000000800a774      0x4f0 Drivers/STM32F4xx_HAL_Driver/Src/stm32f4xx_hal_rcc.o
                0x000000000800a774                HAL_RCC_OscConfig
 .text.HAL_RCC_ClockConfig
                0x000000000800ac64      0x1cc Drivers/STM32F4xx_HAL_Driver/Src/stm32f4xx_hal_rcc.o
                0x000000000800ac64                HAL_RCC_ClockConfig
 .text.HAL_RCC_GetSysClockFreq
                0x000000000800ae30      0x1c0 Drivers/STM32F4xx_HAL_Driver/Src/stm32f4xx_hal_rcc.o
                0x000000000800ae30                HAL_RCC_GetSysClockFreq
 .text.HAL_RCC_GetHCLKFreq
                0x000000000800aff0       0x18 Drivers/STM32F4xx_HAL_Driver/Src/stm32f4xx_hal_rcc.o
                0x000000000800aff0                HAL_RCC_GetHCLKFreq
 .text.HAL_RCC_GetPCLK1Freq
                0x000000000800b008       0x28 Drivers/STM32F4xx_HAL_Driver/Src/stm32f4xx_hal_rcc.o
                0x000000000800b008                HAL_RCC_GetPCLK1Freq
 .text.HAL_RCC_GetPCLK2Freq
                0x000000000800b030       0x28 Drivers/STM32F4xx_HAL_Driver/Src/stm32f4xx_hal_rcc.o
                0x000000000800b030                HAL_RCC_GetPCLK2Freq
 .text.HAL_SPI_Init
                0x000000000800b058      0x112 Drivers/STM32F4xx_HAL_Driver/Src/stm32f4xx_hal_spi.o
                0x000000000800b058                HAL_SPI_Init
 .text.HAL_SPI_DeInit
                0x000000000800b16a       0x50 Drivers/STM32F4xx_HAL_Driver/Src/stm32f4xx_hal_spi.o
                0x000000000800b16a                HAL_SPI_DeInit
 .text.HAL_SPI_Transmit
                0x000000000800b1ba      0x278 Drivers/STM32F4xx_HAL_Driver/Src/stm32f4xx_hal_spi.o
                0x000000000800b1ba                HAL_SPI_Transmit
 .text.HAL_SPI_Receive
                0x000000000800b432      0x222 Drivers/STM32F4xx_HAL_Driver/Src/stm32f4xx_hal_spi.o
                0x000000000800b432                HAL_SPI_Receive
 .text.HAL_SPI_TransmitReceive
                0x000000000800b654      0x344 Drivers/STM32F4xx_HAL_Driver/Src/stm32f4xx_hal_spi.o
                0x000000000800b654                HAL_SPI_TransmitReceive
 .text.HAL_SPI_IRQHandler
                0x000000000800b998      0x200 Drivers/STM32F4xx_HAL_Driver/Src/stm32f4xx_hal_spi.o
                0x000000000800b998                HAL_SPI_IRQHandler
 .text.HAL_SPI_ErrorCallback
                0x000000000800bb98       0x14 Drivers/STM32F4xx_HAL_Driver/Src/stm32f4xx_hal_spi.o
                0x000000000800bb98                HAL_SPI_ErrorCallback
 .text.HAL_SPI_GetState
                0x000000000800bbac       0x1c Drivers/STM32F4xx_HAL_Driver/Src/stm32f4xx_hal_spi.o
                0x000000000800bbac                HAL_SPI_GetState
 .text.SPI_DMAAbortOnError
                0x000000000800bbc8       0x28 Drivers/STM32F4xx_HAL_Driver/Src/stm32f4xx_hal_spi.o
 .text.SPI_WaitFlagStateUntilTimeout
                0x000000000800bbf0      0x110 Drivers/STM32F4xx_HAL_Driver/Src/stm32f4xx_hal_spi.o
 .text.SPI_EndRxTransaction
                0x000000000800bd00       0xca Drivers/STM32F4xx_HAL_Driver/Src/stm32f4xx_hal_spi.o
 *fill*         0x000000000800bdca        0x2 
 .text.SPI_EndRxTxTransaction
                0x000000000800bdcc       0x84 Drivers/STM32F4xx_HAL_Driver/Src/stm32f4xx_hal_spi.o
 .text.HAL_TIM_Base_Init
                0x000000000800be50       0x9e Drivers/STM32F4xx_HAL_Driver/Src/stm32f4xx_hal_tim.o
                0x000000000800be50                HAL_TIM_Base_Init
 *fill*         0x000000000800beee        0x2 
 .text.HAL_TIM_Base_Start_IT
                0x000000000800bef0       0xc4 Drivers/STM32F4xx_HAL_Driver/Src/stm32f4xx_hal_tim.o
                0x000000000800bef0                HAL_TIM_Base_Start_IT
 .text.HAL_TIM_PWM_Init
                0x000000000800bfb4       0x9e Drivers/STM32F4xx_HAL_Driver/Src/stm32f4xx_hal_tim.o
                0x000000000800bfb4                HAL_TIM_PWM_Init
 .text.HAL_TIM_PWM_MspInit
                0x000000000800c052       0x14 Drivers/STM32F4xx_HAL_Driver/Src/stm32f4xx_hal_tim.o
                0x000000000800c052                HAL_TIM_PWM_MspInit
 *fill*         0x000000000800c066        0x2 
 .text.HAL_TIM_PWM_Start
                0x000000000800c068      0x160 Drivers/STM32F4xx_HAL_Driver/Src/stm32f4xx_hal_tim.o
                0x000000000800c068                HAL_TIM_PWM_Start
 .text.HAL_TIM_IC_Init
                0x000000000800c1c8       0x9e Drivers/STM32F4xx_HAL_Driver/Src/stm32f4xx_hal_tim.o
                0x000000000800c1c8                HAL_TIM_IC_Init
 .text.HAL_TIM_IC_MspInit
                0x000000000800c266       0x14 Drivers/STM32F4xx_HAL_Driver/Src/stm32f4xx_hal_tim.o
                0x000000000800c266                HAL_TIM_IC_MspInit
 *fill*         0x000000000800c27a        0x2 
 .text.HAL_TIM_IC_Start_IT
                0x000000000800c27c      0x228 Drivers/STM32F4xx_HAL_Driver/Src/stm32f4xx_hal_tim.o
                0x000000000800c27c                HAL_TIM_IC_Start_IT
 .text.HAL_TIM_IRQHandler
                0x000000000800c4a4      0x210 Drivers/STM32F4xx_HAL_Driver/Src/stm32f4xx_hal_tim.o
                0x000000000800c4a4                HAL_TIM_IRQHandler
 .text.HAL_TIM_IC_ConfigChannel
                0x000000000800c6b4      0x128 Drivers/STM32F4xx_HAL_Driver/Src/stm32f4xx_hal_tim.o
                0x000000000800c6b4                HAL_TIM_IC_ConfigChannel
 .text.HAL_TIM_PWM_ConfigChannel
                0x000000000800c7dc      0x17c Drivers/STM32F4xx_HAL_Driver/Src/stm32f4xx_hal_tim.o
                0x000000000800c7dc                HAL_TIM_PWM_ConfigChannel
 .text.HAL_TIM_ConfigClockSource
                0x000000000800c958      0x188 Drivers/STM32F4xx_HAL_Driver/Src/stm32f4xx_hal_tim.o
                0x000000000800c958                HAL_TIM_ConfigClockSource
 .text.HAL_TIM_OC_DelayElapsedCallback
                0x000000000800cae0       0x14 Drivers/STM32F4xx_HAL_Driver/Src/stm32f4xx_hal_tim.o
                0x000000000800cae0                HAL_TIM_OC_DelayElapsedCallback
 .text.HAL_TIM_PWM_PulseFinishedCallback
                0x000000000800caf4       0x14 Drivers/STM32F4xx_HAL_Driver/Src/stm32f4xx_hal_tim.o
                0x000000000800caf4                HAL_TIM_PWM_PulseFinishedCallback
 .text.HAL_TIM_TriggerCallback
                0x000000000800cb08       0x14 Drivers/STM32F4xx_HAL_Driver/Src/stm32f4xx_hal_tim.o
                0x000000000800cb08                HAL_TIM_TriggerCallback
 .text.TIM_Base_SetConfig
                0x000000000800cb1c      0x100 Drivers/STM32F4xx_HAL_Driver/Src/stm32f4xx_hal_tim.o
                0x000000000800cb1c                TIM_Base_SetConfig
 .text.TIM_OC1_SetConfig
                0x000000000800cc1c       0xcc Drivers/STM32F4xx_HAL_Driver/Src/stm32f4xx_hal_tim.o
 .text.TIM_OC2_SetConfig
                0x000000000800cce8       0xd8 Drivers/STM32F4xx_HAL_Driver/Src/stm32f4xx_hal_tim.o
                0x000000000800cce8                TIM_OC2_SetConfig
 .text.TIM_OC3_SetConfig
                0x000000000800cdc0       0xd4 Drivers/STM32F4xx_HAL_Driver/Src/stm32f4xx_hal_tim.o
 .text.TIM_OC4_SetConfig
                0x000000000800ce94       0xa0 Drivers/STM32F4xx_HAL_Driver/Src/stm32f4xx_hal_tim.o
 .text.TIM_TI1_SetConfig
                0x000000000800cf34       0xd0 Drivers/STM32F4xx_HAL_Driver/Src/stm32f4xx_hal_tim.o
                0x000000000800cf34                TIM_TI1_SetConfig
 .text.TIM_TI1_ConfigInputStage
                0x000000000800d004       0x5e Drivers/STM32F4xx_HAL_Driver/Src/stm32f4xx_hal_tim.o
 .text.TIM_TI2_SetConfig
                0x000000000800d062       0x7a Drivers/STM32F4xx_HAL_Driver/Src/stm32f4xx_hal_tim.o
 .text.TIM_TI2_ConfigInputStage
                0x000000000800d0dc       0x60 Drivers/STM32F4xx_HAL_Driver/Src/stm32f4xx_hal_tim.o
 .text.TIM_TI3_SetConfig
                0x000000000800d13c       0x78 Drivers/STM32F4xx_HAL_Driver/Src/stm32f4xx_hal_tim.o
 .text.TIM_TI4_SetConfig
                0x000000000800d1b4       0x7a Drivers/STM32F4xx_HAL_Driver/Src/stm32f4xx_hal_tim.o
 .text.TIM_ITRx_SetConfig
                0x000000000800d22e       0x36 Drivers/STM32F4xx_HAL_Driver/Src/stm32f4xx_hal_tim.o
 .text.TIM_ETR_SetConfig
                0x000000000800d264       0x40 Drivers/STM32F4xx_HAL_Driver/Src/stm32f4xx_hal_tim.o
                0x000000000800d264                TIM_ETR_SetConfig
 .text.TIM_CCxChannelCmd
                0x000000000800d2a4       0x4a Drivers/STM32F4xx_HAL_Driver/Src/stm32f4xx_hal_tim.o
                0x000000000800d2a4                TIM_CCxChannelCmd
 *fill*         0x000000000800d2ee        0x2 
 .text.HAL_TIMEx_MasterConfigSynchronization
                0x000000000800d2f0       0xdc Drivers/STM32F4xx_HAL_Driver/Src/stm32f4xx_hal_tim_ex.o
                0x000000000800d2f0                HAL_TIMEx_MasterConfigSynchronization
 .text.HAL_TIMEx_CommutCallback
                0x000000000800d3cc       0x14 Drivers/STM32F4xx_HAL_Driver/Src/stm32f4xx_hal_tim_ex.o
                0x000000000800d3cc                HAL_TIMEx_CommutCallback
 .text.HAL_TIMEx_BreakCallback
                0x000000000800d3e0       0x14 Drivers/STM32F4xx_HAL_Driver/Src/stm32f4xx_hal_tim_ex.o
                0x000000000800d3e0                HAL_TIMEx_BreakCallback
 .text.HAL_UART_Init
                0x000000000800d3f4       0x9a Drivers/STM32F4xx_HAL_Driver/Src/stm32f4xx_hal_uart.o
                0x000000000800d3f4                HAL_UART_Init
 .text.HAL_UART_Transmit
                0x000000000800d48e      0x124 Drivers/STM32F4xx_HAL_Driver/Src/stm32f4xx_hal_uart.o
                0x000000000800d48e                HAL_UART_Transmit
 *fill*         0x000000000800d5b2        0x2 
 .text.HAL_UART_IRQHandler
                0x000000000800d5b4      0x358 Drivers/STM32F4xx_HAL_Driver/Src/stm32f4xx_hal_uart.o
                0x000000000800d5b4                HAL_UART_IRQHandler
 .text.HAL_UART_TxCpltCallback
                0x000000000800d90c       0x14 Drivers/STM32F4xx_HAL_Driver/Src/stm32f4xx_hal_uart.o
                0x000000000800d90c                HAL_UART_TxCpltCallback
 .text.HAL_UART_RxCpltCallback
                0x000000000800d920       0x14 Drivers/STM32F4xx_HAL_Driver/Src/stm32f4xx_hal_uart.o
                0x000000000800d920                HAL_UART_RxCpltCallback
 .text.HAL_UART_ErrorCallback
                0x000000000800d934       0x14 Drivers/STM32F4xx_HAL_Driver/Src/stm32f4xx_hal_uart.o
                0x000000000800d934                HAL_UART_ErrorCallback
 .text.HAL_UARTEx_RxEventCallback
                0x000000000800d948       0x18 Drivers/STM32F4xx_HAL_Driver/Src/stm32f4xx_hal_uart.o
                0x000000000800d948                HAL_UARTEx_RxEventCallback
 .text.UART_WaitOnFlagUntilTimeout
                0x000000000800d960       0x94 Drivers/STM32F4xx_HAL_Driver/Src/stm32f4xx_hal_uart.o
 .text.UART_EndRxTransfer
                0x000000000800d9f4       0x5a Drivers/STM32F4xx_HAL_Driver/Src/stm32f4xx_hal_uart.o
 .text.UART_DMAAbortOnError
                0x000000000800da4e       0x28 Drivers/STM32F4xx_HAL_Driver/Src/stm32f4xx_hal_uart.o
 .text.UART_Transmit_IT
                0x000000000800da76       0xa0 Drivers/STM32F4xx_HAL_Driver/Src/stm32f4xx_hal_uart.o
 .text.UART_EndTransmit_IT
                0x000000000800db16       0x30 Drivers/STM32F4xx_HAL_Driver/Src/stm32f4xx_hal_uart.o
 .text.UART_Receive_IT
                0x000000000800db46      0x12e Drivers/STM32F4xx_HAL_Driver/Src/stm32f4xx_hal_uart.o
 .text.UART_SetConfig
                0x000000000800dc74      0x390 Drivers/STM32F4xx_HAL_Driver/Src/stm32f4xx_hal_uart.o
 .text.aci_gap_init_IDB05A1
                0x000000000800e004       0xa0 Middlewares/HCI/Controller/bluenrg_gap_aci.o
                0x000000000800e004                aci_gap_init_IDB05A1
 .text.aci_gap_set_discoverable
                0x000000000800e0a4      0x1f6 Middlewares/HCI/Controller/bluenrg_gap_aci.o
                0x000000000800e0a4                aci_gap_set_discoverable
 .text.aci_gap_set_auth_requirement
                0x000000000800e29a       0xa2 Middlewares/HCI/Controller/bluenrg_gap_aci.o
                0x000000000800e29a                aci_gap_set_auth_requirement
 .text.aci_gap_update_adv_data
                0x000000000800e33c       0xa4 Middlewares/HCI/Controller/bluenrg_gap_aci.o
                0x000000000800e33c                aci_gap_update_adv_data
 .text.aci_gatt_init
                0x000000000800e3e0       0x46 Middlewares/HCI/Controller/bluenrg_gatt_aci.o
                0x000000000800e3e0                aci_gatt_init
 .text.aci_gatt_add_serv
                0x000000000800e426      0x118 Middlewares/HCI/Controller/bluenrg_gatt_aci.o
                0x000000000800e426                aci_gatt_add_serv
 .text.aci_gatt_add_char
                0x000000000800e53e      0x1aa Middlewares/HCI/Controller/bluenrg_gatt_aci.o
                0x000000000800e53e                aci_gatt_add_char
 .text.aci_gatt_update_char_value
                0x000000000800e6e8      0x130 Middlewares/HCI/Controller/bluenrg_gatt_aci.o
                0x000000000800e6e8                aci_gatt_update_char_value
 .text.aci_gatt_allow_read
                0x000000000800e818       0x5a Middlewares/HCI/Controller/bluenrg_gatt_aci.o
                0x000000000800e818                aci_gatt_allow_read
 .text.aci_hal_set_tx_power_level
                0x000000000800e872       0x62 Middlewares/HCI/Controller/bluenrg_hal_aci.o
                0x000000000800e872                aci_hal_set_tx_power_level
 .text.aci_l2cap_connection_parameter_update_request
                0x000000000800e8d4       0x84 Middlewares/HCI/Controller/bluenrg_l2cap_aci.o
                0x000000000800e8d4                aci_l2cap_connection_parameter_update_request
 .text.getBlueNRGVersion
                0x000000000800e958       0x9c Middlewares/HCI/Controller/bluenrg_utils.o
                0x000000000800e958                getBlueNRGVersion
 .text.HCI_Init
                0x000000000800e9f4       0x50 Middlewares/HCI/hci.o
                0x000000000800e9f4                HCI_Init
 .text.HCI_verify
                0x000000000800ea44       0x40 Middlewares/HCI/hci.o
                0x000000000800ea44                HCI_verify
 .text.HCI_Process
                0x000000000800ea84       0x68 Middlewares/HCI/hci.o
                0x000000000800ea84                HCI_Process
 .text.HCI_Queue_Empty
                0x000000000800eaec       0x14 Middlewares/HCI/hci.o
                0x000000000800eaec                HCI_Queue_Empty
 .text.HCI_Isr  0x000000000800eb00       0xa0 Middlewares/HCI/hci.o
                0x000000000800eb00                HCI_Isr
 .text.hci_write
                0x000000000800eba0       0x2a Middlewares/HCI/hci.o
                0x000000000800eba0                hci_write
 .text.hci_send_cmd
                0x000000000800ebca       0x5c Middlewares/HCI/hci.o
                0x000000000800ebca                hci_send_cmd
 .text.move_list
                0x000000000800ec26       0x38 Middlewares/HCI/hci.o
 *fill*         0x000000000800ec5e        0x2 
 .text.free_event_list
                0x000000000800ec60       0x44 Middlewares/HCI/hci.o
 .text.hci_send_req
                0x000000000800eca4      0x25c Middlewares/HCI/hci.o
                0x000000000800eca4                hci_send_req
 .text.hci_le_read_local_version
                0x000000000800ef00       0x94 Middlewares/HCI/hci.o
                0x000000000800ef00                hci_le_read_local_version
 .text.hci_le_set_scan_resp_data
                0x000000000800ef94       0x82 Middlewares/HCI/hci.o
                0x000000000800ef94                hci_le_set_scan_resp_data
 .text.hci_le_set_random_address
                0x000000000800f016       0x6e Middlewares/HCI/hci.o
                0x000000000800f016                hci_le_set_random_address
 .text.hci_read_rssi
                0x000000000800f084       0x84 Middlewares/HCI/hci.o
                0x000000000800f084                hci_read_rssi
 .text.list_init_head
                0x000000000800f108       0x20 Middlewares/Utils/ble_list.o
                0x000000000800f108                list_init_head
 .text.list_is_empty
                0x000000000800f128       0x44 Middlewares/Utils/ble_list.o
                0x000000000800f128                list_is_empty
 .text.list_insert_head
                0x000000000800f16c       0x4c Middlewares/Utils/ble_list.o
                0x000000000800f16c                list_insert_head
 .text.list_insert_tail
                0x000000000800f1b8       0x4c Middlewares/Utils/ble_list.o
                0x000000000800f1b8                list_insert_tail
 .text.list_remove_node
                0x000000000800f204       0x42 Middlewares/Utils/ble_list.o
                0x000000000800f204                list_remove_node
 .text.list_remove_head
                0x000000000800f246       0x4e Middlewares/Utils/ble_list.o
                0x000000000800f246                list_remove_head
 .text.list_remove_tail
                0x000000000800f294       0x4e Middlewares/Utils/ble_list.o
                0x000000000800f294                list_remove_tail
 .text.list_get_size
                0x000000000800f2e2       0x50 Middlewares/Utils/ble_list.o
                0x000000000800f2e2                list_get_size
 .text.Timer_Set
                0x000000000800f332       0x22 Middlewares/Utils/gp_timer.o
                0x000000000800f332                Timer_Set
 .text.Timer_Expired
                0x000000000800f354       0x30 Middlewares/Utils/gp_timer.o
                0x000000000800f354                Timer_Expired
 .text.Osal_MemCpy
                0x000000000800f384       0x20 Middlewares/Utils/osal.o
                0x000000000800f384                Osal_MemCpy
 .text.Osal_MemSet
                0x000000000800f3a4       0x20 Middlewares/Utils/osal.o
                0x000000000800f3a4                Osal_MemSet
 .text.CUSTOM_ENV_SENSOR_Init
                0x000000000800f3c4      0x110 X-CUBE-MEMS1/Target/custom_env_sensors.o
                0x000000000800f3c4                CUSTOM_ENV_SENSOR_Init
 .text.CUSTOM_ENV_SENSOR_Enable
                0x000000000800f4d4       0x84 X-CUBE-MEMS1/Target/custom_env_sensors.o
                0x000000000800f4d4                CUSTOM_ENV_SENSOR_Enable
 .text.CUSTOM_ENV_SENSOR_GetValue
                0x000000000800f558       0x88 X-CUBE-MEMS1/Target/custom_env_sensors.o
                0x000000000800f558                CUSTOM_ENV_SENSOR_GetValue
 .text.LPS22HH_0_Probe
                0x000000000800f5e0      0x174 X-CUBE-MEMS1/Target/custom_env_sensors.o
 .text.CUSTOM_LPS22HH_0_Init
                0x000000000800f754       0x24 X-CUBE-MEMS1/Target/custom_env_sensors.o
 .text.CUSTOM_LPS22HH_0_DeInit
                0x000000000800f778       0x24 X-CUBE-MEMS1/Target/custom_env_sensors.o
 .text.CUSTOM_LPS22HH_0_WriteReg
                0x000000000800f79c       0x74 X-CUBE-MEMS1/Target/custom_env_sensors.o
 .text.CUSTOM_LPS22HH_0_ReadReg
                0x000000000800f810       0x80 X-CUBE-MEMS1/Target/custom_env_sensors.o
 .text.CUSTOM_MOTION_SENSOR_Init
                0x000000000800f890      0x110 X-CUBE-MEMS1/Target/custom_motion_sensors.o
                0x000000000800f890                CUSTOM_MOTION_SENSOR_Init
 .text.CUSTOM_MOTION_SENSOR_Enable
                0x000000000800f9a0       0x84 X-CUBE-MEMS1/Target/custom_motion_sensors.o
                0x000000000800f9a0                CUSTOM_MOTION_SENSOR_Enable
 .text.CUSTOM_MOTION_SENSOR_GetAxesRaw
                0x000000000800fa24       0x88 X-CUBE-MEMS1/Target/custom_motion_sensors.o
                0x000000000800fa24                CUSTOM_MOTION_SENSOR_GetAxesRaw
 .text.CUSTOM_MOTION_SENSOR_SetOutputDataRate
                0x000000000800faac       0x8c X-CUBE-MEMS1/Target/custom_motion_sensors.o
                0x000000000800faac                CUSTOM_MOTION_SENSOR_SetOutputDataRate
 .text.CUSTOM_MOTION_SENSOR_SetFullScale
                0x000000000800fb38       0x88 X-CUBE-MEMS1/Target/custom_motion_sensors.o
                0x000000000800fb38                CUSTOM_MOTION_SENSOR_SetFullScale
 .text.LSM6DSR_0_Probe
                0x000000000800fbc0      0x178 X-CUBE-MEMS1/Target/custom_motion_sensors.o
 .text.CUSTOM_LSM6DSR_0_Init
                0x000000000800fd38       0x24 X-CUBE-MEMS1/Target/custom_motion_sensors.o
 .text.CUSTOM_LSM6DSR_0_DeInit
                0x000000000800fd5c       0x24 X-CUBE-MEMS1/Target/custom_motion_sensors.o
 .text.CUSTOM_LSM6DSR_0_WriteReg
                0x000000000800fd80       0x74 X-CUBE-MEMS1/Target/custom_motion_sensors.o
 .text.CUSTOM_LSM6DSR_0_ReadReg
                0x000000000800fdf4       0x80 X-CUBE-MEMS1/Target/custom_motion_sensors.o
 .text.CUSTOM_MOTION_SENSOR_Read_Register
                0x000000000800fe74       0x50 X-CUBE-MEMS1/Target/custom_motion_sensors_ex.o
                0x000000000800fe74                CUSTOM_MOTION_SENSOR_Read_Register
 .text.CUSTOM_MOTION_SENSOR_Write_Register
                0x000000000800fec4       0x54 X-CUBE-MEMS1/Target/custom_motion_sensors_ex.o
                0x000000000800fec4                CUSTOM_MOTION_SENSOR_Write_Register
 .text.__errno  0x000000000800ff18        0xc c:/st/stm32cubeide_1.2.0/stm32cubeide/plugins/com.st.stm32cube.ide.mcu.externaltools.gnu-tools-for-stm32.9-2020-q2-update.win32_1.5.0.202011040924/tools/bin/../lib/gcc/arm-none-eabi/9.3.1/../../../../arm-none-eabi/lib/thumb/v7e-m+fp/hard\libc_nano.a(lib_a-errno.o)
                0x000000000800ff18                __errno
 .text.__libc_init_array
                0x000000000800ff24       0x48 c:/st/stm32cubeide_1.2.0/stm32cubeide/plugins/com.st.stm32cube.ide.mcu.externaltools.gnu-tools-for-stm32.9-2020-q2-update.win32_1.5.0.202011040924/tools/bin/../lib/gcc/arm-none-eabi/9.3.1/../../../../arm-none-eabi/lib/thumb/v7e-m+fp/hard\libc_nano.a(lib_a-init.o)
                0x000000000800ff24                __libc_init_array
 .text.memcpy   0x000000000800ff6c       0x1c c:/st/stm32cubeide_1.2.0/stm32cubeide/plugins/com.st.stm32cube.ide.mcu.externaltools.gnu-tools-for-stm32.9-2020-q2-update.win32_1.5.0.202011040924/tools/bin/../lib/gcc/arm-none-eabi/9.3.1/../../../../arm-none-eabi/lib/thumb/v7e-m+fp/hard\libc_nano.a(lib_a-memcpy-stub.o)
                0x000000000800ff6c                memcpy
 .text.memset   0x000000000800ff88       0x10 c:/st/stm32cubeide_1.2.0/stm32cubeide/plugins/com.st.stm32cube.ide.mcu.externaltools.gnu-tools-for-stm32.9-2020-q2-update.win32_1.5.0.202011040924/tools/bin/../lib/gcc/arm-none-eabi/9.3.1/../../../../arm-none-eabi/lib/thumb/v7e-m+fp/hard\libc_nano.a(lib_a-memset.o)
                0x000000000800ff88                memset
 .text.sprintf  0x000000000800ff98       0x40 c:/st/stm32cubeide_1.2.0/stm32cubeide/plugins/com.st.stm32cube.ide.mcu.externaltools.gnu-tools-for-stm32.9-2020-q2-update.win32_1.5.0.202011040924/tools/bin/../lib/gcc/arm-none-eabi/9.3.1/../../../../arm-none-eabi/lib/thumb/v7e-m+fp/hard\libc_nano.a(lib_a-sprintf.o)
                0x000000000800ff98                siprintf
                0x000000000800ff98                sprintf
 .text.strncmp  0x000000000800ffd8       0x24 c:/st/stm32cubeide_1.2.0/stm32cubeide/plugins/com.st.stm32cube.ide.mcu.externaltools.gnu-tools-for-stm32.9-2020-q2-update.win32_1.5.0.202011040924/tools/bin/../lib/gcc/arm-none-eabi/9.3.1/../../../../arm-none-eabi/lib/thumb/v7e-m+fp/hard\libc_nano.a(lib_a-strncmp.o)
                0x000000000800ffd8                strncmp
 .text._vsnprintf_r
                0x000000000800fffc       0x58 c:/st/stm32cubeide_1.2.0/stm32cubeide/plugins/com.st.stm32cube.ide.mcu.externaltools.gnu-tools-for-stm32.9-2020-q2-update.win32_1.5.0.202011040924/tools/bin/../lib/gcc/arm-none-eabi/9.3.1/../../../../arm-none-eabi/lib/thumb/v7e-m+fp/hard\libc_nano.a(lib_a-vsnprintf.o)
                0x000000000800fffc                _vsniprintf_r
                0x000000000800fffc                _vsnprintf_r
 .text.vsnprintf
                0x0000000008010054       0x1c c:/st/stm32cubeide_1.2.0/stm32cubeide/plugins/com.st.stm32cube.ide.mcu.externaltools.gnu-tools-for-stm32.9-2020-q2-update.win32_1.5.0.202011040924/tools/bin/../lib/gcc/arm-none-eabi/9.3.1/../../../../arm-none-eabi/lib/thumb/v7e-m+fp/hard\libc_nano.a(lib_a-vsnprintf.o)
                0x0000000008010054                vsniprintf
                0x0000000008010054                vsnprintf
 .text.__ssputs_r
                0x0000000008010070       0xb6 c:/st/stm32cubeide_1.2.0/stm32cubeide/plugins/com.st.stm32cube.ide.mcu.externaltools.gnu-tools-for-stm32.9-2020-q2-update.win32_1.5.0.202011040924/tools/bin/../lib/gcc/arm-none-eabi/9.3.1/../../../../arm-none-eabi/lib/thumb/v7e-m+fp/hard\libc_nano.a(lib_a-nano-svfprintf.o)
                0x0000000008010070                __ssputs_r
 *fill*         0x0000000008010126        0x2 
 .text._svfprintf_r
                0x0000000008010128      0x200 c:/st/stm32cubeide_1.2.0/stm32cubeide/plugins/com.st.stm32cube.ide.mcu.externaltools.gnu-tools-for-stm32.9-2020-q2-update.win32_1.5.0.202011040924/tools/bin/../lib/gcc/arm-none-eabi/9.3.1/../../../../arm-none-eabi/lib/thumb/v7e-m+fp/hard\libc_nano.a(lib_a-nano-svfprintf.o)
                0x0000000008010128                _svfiprintf_r
                0x0000000008010128                _svfprintf_r
 .text._printf_common
                0x0000000008010328       0xda c:/st/stm32cubeide_1.2.0/stm32cubeide/plugins/com.st.stm32cube.ide.mcu.externaltools.gnu-tools-for-stm32.9-2020-q2-update.win32_1.5.0.202011040924/tools/bin/../lib/gcc/arm-none-eabi/9.3.1/../../../../arm-none-eabi/lib/thumb/v7e-m+fp/hard\libc_nano.a(lib_a-nano-vfprintf_i.o)
                0x0000000008010328                _printf_common
 *fill*         0x0000000008010402        0x2 
 .text._printf_i
                0x0000000008010404      0x24c c:/st/stm32cubeide_1.2.0/stm32cubeide/plugins/com.st.stm32cube.ide.mcu.externaltools.gnu-tools-for-stm32.9-2020-q2-update.win32_1.5.0.202011040924/tools/bin/../lib/gcc/arm-none-eabi/9.3.1/../../../../arm-none-eabi/lib/thumb/v7e-m+fp/hard\libc_nano.a(lib_a-nano-vfprintf_i.o)
                0x0000000008010404                _printf_i
 .text.memmove  0x0000000008010650       0x34 c:/st/stm32cubeide_1.2.0/stm32cubeide/plugins/com.st.stm32cube.ide.mcu.externaltools.gnu-tools-for-stm32.9-2020-q2-update.win32_1.5.0.202011040924/tools/bin/../lib/gcc/arm-none-eabi/9.3.1/../../../../arm-none-eabi/lib/thumb/v7e-m+fp/hard\libc_nano.a(lib_a-memmove.o)
                0x0000000008010650                memmove
 .text._free_r  0x0000000008010684       0xa0 c:/st/stm32cubeide_1.2.0/stm32cubeide/plugins/com.st.stm32cube.ide.mcu.externaltools.gnu-tools-for-stm32.9-2020-q2-update.win32_1.5.0.202011040924/tools/bin/../lib/gcc/arm-none-eabi/9.3.1/../../../../arm-none-eabi/lib/thumb/v7e-m+fp/hard\libc_nano.a(lib_a-nano-freer.o)
                0x0000000008010684                _free_r
 .text._malloc_r
                0x0000000008010724       0xb4 c:/st/stm32cubeide_1.2.0/stm32cubeide/plugins/com.st.stm32cube.ide.mcu.externaltools.gnu-tools-for-stm32.9-2020-q2-update.win32_1.5.0.202011040924/tools/bin/../lib/gcc/arm-none-eabi/9.3.1/../../../../arm-none-eabi/lib/thumb/v7e-m+fp/hard\libc_nano.a(lib_a-nano-mallocr.o)
                0x0000000008010724                _malloc_r
 .text._realloc_r
                0x00000000080107d8       0x4c c:/st/stm32cubeide_1.2.0/stm32cubeide/plugins/com.st.stm32cube.ide.mcu.externaltools.gnu-tools-for-stm32.9-2020-q2-update.win32_1.5.0.202011040924/tools/bin/../lib/gcc/arm-none-eabi/9.3.1/../../../../arm-none-eabi/lib/thumb/v7e-m+fp/hard\libc_nano.a(lib_a-nano-reallocr.o)
                0x00000000080107d8                _realloc_r
 .text._sbrk_r  0x0000000008010824       0x20 c:/st/stm32cubeide_1.2.0/stm32cubeide/plugins/com.st.stm32cube.ide.mcu.externaltools.gnu-tools-for-stm32.9-2020-q2-update.win32_1.5.0.202011040924/tools/bin/../lib/gcc/arm-none-eabi/9.3.1/../../../../arm-none-eabi/lib/thumb/v7e-m+fp/hard\libc_nano.a(lib_a-sbrkr.o)
                0x0000000008010824                _sbrk_r
 .text.__malloc_lock
                0x0000000008010844        0xc c:/st/stm32cubeide_1.2.0/stm32cubeide/plugins/com.st.stm32cube.ide.mcu.externaltools.gnu-tools-for-stm32.9-2020-q2-update.win32_1.5.0.202011040924/tools/bin/../lib/gcc/arm-none-eabi/9.3.1/../../../../arm-none-eabi/lib/thumb/v7e-m+fp/hard\libc_nano.a(lib_a-mlock.o)
                0x0000000008010844                __malloc_lock
 .text.__malloc_unlock
                0x0000000008010850        0xc c:/st/stm32cubeide_1.2.0/stm32cubeide/plugins/com.st.stm32cube.ide.mcu.externaltools.gnu-tools-for-stm32.9-2020-q2-update.win32_1.5.0.202011040924/tools/bin/../lib/gcc/arm-none-eabi/9.3.1/../../../../arm-none-eabi/lib/thumb/v7e-m+fp/hard\libc_nano.a(lib_a-mlock.o)
                0x0000000008010850                __malloc_unlock
 .text._malloc_usable_size_r
                0x000000000801085c       0x10 c:/st/stm32cubeide_1.2.0/stm32cubeide/plugins/com.st.stm32cube.ide.mcu.externaltools.gnu-tools-for-stm32.9-2020-q2-update.win32_1.5.0.202011040924/tools/bin/../lib/gcc/arm-none-eabi/9.3.1/../../../../arm-none-eabi/lib/thumb/v7e-m+fp/hard\libc_nano.a(lib_a-nano-msizer.o)
                0x000000000801085c                _malloc_usable_size_r
 .text.__retarget_lock_acquire_recursive
                0x000000000801086c        0x2 c:/st/stm32cubeide_1.2.0/stm32cubeide/plugins/com.st.stm32cube.ide.mcu.externaltools.gnu-tools-for-stm32.9-2020-q2-update.win32_1.5.0.202011040924/tools/bin/../lib/gcc/arm-none-eabi/9.3.1/../../../../arm-none-eabi/lib/thumb/v7e-m+fp/hard\libc_nano.a(lib_a-lock.o)
                0x000000000801086c                __retarget_lock_acquire_recursive
 .text.__retarget_lock_release_recursive
                0x000000000801086e        0x2 c:/st/stm32cubeide_1.2.0/stm32cubeide/plugins/com.st.stm32cube.ide.mcu.externaltools.gnu-tools-for-stm32.9-2020-q2-update.win32_1.5.0.202011040924/tools/bin/../lib/gcc/arm-none-eabi/9.3.1/../../../../arm-none-eabi/lib/thumb/v7e-m+fp/hard\libc_nano.a(lib_a-lock.o)
                0x000000000801086e                __retarget_lock_release_recursive
 .text.asin     0x0000000008010870       0x74 c:/st/stm32cubeide_1.2.0/stm32cubeide/plugins/com.st.stm32cube.ide.mcu.externaltools.gnu-tools-for-stm32.9-2020-q2-update.win32_1.5.0.202011040924/tools/bin/../lib/gcc/arm-none-eabi/9.3.1/../../../../arm-none-eabi/lib/thumb/v7e-m+fp/hard\libm.a(lib_a-w_asin.o)
                0x0000000008010870                asin
 .text.atan2    0x00000000080108e4        0x4 c:/st/stm32cubeide_1.2.0/stm32cubeide/plugins/com.st.stm32cube.ide.mcu.externaltools.gnu-tools-for-stm32.9-2020-q2-update.win32_1.5.0.202011040924/tools/bin/../lib/gcc/arm-none-eabi/9.3.1/../../../../arm-none-eabi/lib/thumb/v7e-m+fp/hard\libm.a(lib_a-w_atan2.o)
                0x00000000080108e4                atan2
 .text.__ieee754_asin
                0x00000000080108e8      0x428 c:/st/stm32cubeide_1.2.0/stm32cubeide/plugins/com.st.stm32cube.ide.mcu.externaltools.gnu-tools-for-stm32.9-2020-q2-update.win32_1.5.0.202011040924/tools/bin/../lib/gcc/arm-none-eabi/9.3.1/../../../../arm-none-eabi/lib/thumb/v7e-m+fp/hard\libm.a(lib_a-e_asin.o)
                0x00000000080108e8                __ieee754_asin
 .text.__ieee754_atan2
                0x0000000008010d10      0x194 c:/st/stm32cubeide_1.2.0/stm32cubeide/plugins/com.st.stm32cube.ide.mcu.externaltools.gnu-tools-for-stm32.9-2020-q2-update.win32_1.5.0.202011040924/tools/bin/../lib/gcc/arm-none-eabi/9.3.1/../../../../arm-none-eabi/lib/thumb/v7e-m+fp/hard\libm.a(lib_a-e_atan2.o)
                0x0000000008010d10                __ieee754_atan2
 .text.__ieee754_sqrt
                0x0000000008010ea4      0x168 c:/st/stm32cubeide_1.2.0/stm32cubeide/plugins/com.st.stm32cube.ide.mcu.externaltools.gnu-tools-for-stm32.9-2020-q2-update.win32_1.5.0.202011040924/tools/bin/../lib/gcc/arm-none-eabi/9.3.1/../../../../arm-none-eabi/lib/thumb/v7e-m+fp/hard\libm.a(lib_a-e_sqrt.o)
                0x0000000008010ea4                __ieee754_sqrt
 *fill*         0x000000000801100c        0x4 
 .text.atan     0x0000000008011010      0x340 c:/st/stm32cubeide_1.2.0/stm32cubeide/plugins/com.st.stm32cube.ide.mcu.externaltools.gnu-tools-for-stm32.9-2020-q2-update.win32_1.5.0.202011040924/tools/bin/../lib/gcc/arm-none-eabi/9.3.1/../../../../arm-none-eabi/lib/thumb/v7e-m+fp/hard\libm.a(lib_a-s_atan.o)
                0x0000000008011010                atan
 .text.fabs     0x0000000008011350       0x12 c:/st/stm32cubeide_1.2.0/stm32cubeide/plugins/com.st.stm32cube.ide.mcu.externaltools.gnu-tools-for-stm32.9-2020-q2-update.win32_1.5.0.202011040924/tools/bin/../lib/gcc/arm-none-eabi/9.3.1/../../../../arm-none-eabi/lib/thumb/v7e-m+fp/hard\libm.a(lib_a-s_fabs.o)
                0x0000000008011350                fabs
 *fill*         0x0000000008011362        0x6 
 .text.nan      0x0000000008011368       0x10 c:/st/stm32cubeide_1.2.0/stm32cubeide/plugins/com.st.stm32cube.ide.mcu.externaltools.gnu-tools-for-stm32.9-2020-q2-update.win32_1.5.0.202011040924/tools/bin/../lib/gcc/arm-none-eabi/9.3.1/../../../../arm-none-eabi/lib/thumb/v7e-m+fp/hard\libm.a(lib_a-s_nan.o)
                0x0000000008011368                nan
 *(.glue_7)
 .glue_7        0x0000000008011378        0x0 linker stubs
 *(.glue_7t)
 .glue_7t       0x0000000008011378        0x0 linker stubs
 *(.eh_frame)
 .eh_frame      0x0000000008011378        0x0 c:/st/stm32cubeide_1.2.0/stm32cubeide/plugins/com.st.stm32cube.ide.mcu.externaltools.gnu-tools-for-stm32.9-2020-q2-update.win32_1.5.0.202011040924/tools/bin/../lib/gcc/arm-none-eabi/9.3.1/thumb/v7e-m+fp/hard/crtbegin.o
 *(.init)
 .init          0x0000000008011378        0x4 c:/st/stm32cubeide_1.2.0/stm32cubeide/plugins/com.st.stm32cube.ide.mcu.externaltools.gnu-tools-for-stm32.9-2020-q2-update.win32_1.5.0.202011040924/tools/bin/../lib/gcc/arm-none-eabi/9.3.1/thumb/v7e-m+fp/hard/crti.o
                0x0000000008011378                _init
 .init          0x000000000801137c        0x8 c:/st/stm32cubeide_1.2.0/stm32cubeide/plugins/com.st.stm32cube.ide.mcu.externaltools.gnu-tools-for-stm32.9-2020-q2-update.win32_1.5.0.202011040924/tools/bin/../lib/gcc/arm-none-eabi/9.3.1/thumb/v7e-m+fp/hard/crtn.o
 *(.fini)
 .fini          0x0000000008011384        0x4 c:/st/stm32cubeide_1.2.0/stm32cubeide/plugins/com.st.stm32cube.ide.mcu.externaltools.gnu-tools-for-stm32.9-2020-q2-update.win32_1.5.0.202011040924/tools/bin/../lib/gcc/arm-none-eabi/9.3.1/thumb/v7e-m+fp/hard/crti.o
                0x0000000008011384                _fini
 .fini          0x0000000008011388        0x8 c:/st/stm32cubeide_1.2.0/stm32cubeide/plugins/com.st.stm32cube.ide.mcu.externaltools.gnu-tools-for-stm32.9-2020-q2-update.win32_1.5.0.202011040924/tools/bin/../lib/gcc/arm-none-eabi/9.3.1/thumb/v7e-m+fp/hard/crtn.o
                0x0000000008011390                . = ALIGN (0x4)
                0x0000000008011390                _etext = .

.vfp11_veneer   0x0000000008011390        0x0
 .vfp11_veneer  0x0000000008011390        0x0 linker stubs

.v4_bx          0x0000000008011390        0x0
 .v4_bx         0x0000000008011390        0x0 linker stubs

.iplt           0x0000000008011390        0x0
 .iplt          0x0000000008011390        0x0 c:/st/stm32cubeide_1.2.0/stm32cubeide/plugins/com.st.stm32cube.ide.mcu.externaltools.gnu-tools-for-stm32.9-2020-q2-update.win32_1.5.0.202011040924/tools/bin/../lib/gcc/arm-none-eabi/9.3.1/thumb/v7e-m+fp/hard/crtbegin.o

.rodata         0x0000000008011390      0x718
                0x0000000008011390                . = ALIGN (0x4)
 *(.rodata)
 .rodata        0x0000000008011390      0x31f Core/Src/main.o
 *fill*         0x00000000080116af        0x1 
 .rodata        0x00000000080116b0      0x319 Core/Src/sensor_service.o
 *fill*         0x00000000080119c9        0x3 
 .rodata        0x00000000080119cc       0x15 Drivers/BSP/Components/BLE/SPBTLE_RF.o
 *(.rodata*)
 *fill*         0x00000000080119e1        0x3 
 .rodata.GPIO_PIN
                0x00000000080119e4        0x8 Core/Src/main.o
                0x00000000080119e4                GPIO_PIN
 .rodata.AHBPrescTable
                0x00000000080119ec       0x10 Core/Src/system_stm32f4xx.o
                0x00000000080119ec                AHBPrescTable
 .rodata.APBPrescTable
                0x00000000080119fc        0x8 Core/Src/system_stm32f4xx.o
                0x00000000080119fc                APBPrescTable
 .rodata._svfprintf_r.str1.1
                0x0000000008011a04       0x11 c:/st/stm32cubeide_1.2.0/stm32cubeide/plugins/com.st.stm32cube.ide.mcu.externaltools.gnu-tools-for-stm32.9-2020-q2-update.win32_1.5.0.202011040924/tools/bin/../lib/gcc/arm-none-eabi/9.3.1/../../../../arm-none-eabi/lib/thumb/v7e-m+fp/hard\libc_nano.a(lib_a-nano-svfprintf.o)
 .rodata._printf_i.str1.1
                0x0000000008011a15       0x22 c:/st/stm32cubeide_1.2.0/stm32cubeide/plugins/com.st.stm32cube.ide.mcu.externaltools.gnu-tools-for-stm32.9-2020-q2-update.win32_1.5.0.202011040924/tools/bin/../lib/gcc/arm-none-eabi/9.3.1/../../../../arm-none-eabi/lib/thumb/v7e-m+fp/hard\libc_nano.a(lib_a-nano-vfprintf_i.o)
 .rodata.asin.str1.1
                0x0000000008011a37       0x22 c:/st/stm32cubeide_1.2.0/stm32cubeide/plugins/com.st.stm32cube.ide.mcu.externaltools.gnu-tools-for-stm32.9-2020-q2-update.win32_1.5.0.202011040924/tools/bin/../lib/gcc/arm-none-eabi/9.3.1/../../../../arm-none-eabi/lib/thumb/v7e-m+fp/hard\libm.a(lib_a-w_asin.o)
                                          0x1 (size before relaxing)
 *fill*         0x0000000008011a37        0x1 
 .rodata.CSWTCH.8
                0x0000000008011a38       0x18 c:/st/stm32cubeide_1.2.0/stm32cubeide/plugins/com.st.stm32cube.ide.mcu.externaltools.gnu-tools-for-stm32.9-2020-q2-update.win32_1.5.0.202011040924/tools/bin/../lib/gcc/arm-none-eabi/9.3.1/../../../../arm-none-eabi/lib/thumb/v7e-m+fp/hard\libm.a(lib_a-e_atan2.o)
 .rodata.CSWTCH.9
                0x0000000008011a50       0x18 c:/st/stm32cubeide_1.2.0/stm32cubeide/plugins/com.st.stm32cube.ide.mcu.externaltools.gnu-tools-for-stm32.9-2020-q2-update.win32_1.5.0.202011040924/tools/bin/../lib/gcc/arm-none-eabi/9.3.1/../../../../arm-none-eabi/lib/thumb/v7e-m+fp/hard\libm.a(lib_a-e_atan2.o)
 .rodata.atanhi